app/admin/login/page.tsx(161,9): error TS2322: Type '{ children: Element; initial: { opacity: number; y: number; }; animate: { opacity: number; y: number; }; transition: { duration: number; }; className: string; }' is not assignable to type 'IntrinsicAttributes & HTMLAttributesWithoutMotionProps<unknown, unknown> & MotionProps & RefAttributes<unknown>'.
  Property 'className' does not exist on type 'IntrinsicAttributes & HTMLAttributesWithoutMotionProps<unknown, unknown> & MotionProps & RefAttributes<unknown>'.
app/admin/login/page.tsx(170,15): error TS2322: Type '{ children: Element; initial: { scale: number; }; animate: { scale: number; }; transition: { delay: number; type: "spring"; stiffness: number; }; className: string; }' is not assignable to type 'IntrinsicAttributes & HTMLAttributesWithoutMotionProps<unknown, unknown> & MotionProps & RefAttributes<unknown>'.
  Property 'className' does not exist on type 'IntrinsicAttributes & HTMLAttributesWithoutMotionProps<unknown, unknown> & MotionProps & RefAttributes<unknown>'.
app/admin/login/page.tsx(202,15): error TS2322: Type '{ children: Element[]; initial: { opacity: number; }; animate: { opacity: number; }; transition: { delay: number; }; onSubmit: (e: FormEvent<Element>) => Promise<void>; className: string; }' is not assignable to type 'IntrinsicAttributes & HTMLAttributesWithoutMotionProps<unknown, unknown> & MotionProps & RefAttributes<unknown>'.
  Property 'onSubmit' does not exist on type 'IntrinsicAttributes & HTMLAttributesWithoutMotionProps<unknown, unknown> & MotionProps & RefAttributes<unknown>'.
app/admin/products/page.tsx(446,19): error TS2322: Type '{ children: Element[]; key: string; initial: { opacity: number; y: number; }; animate: { opacity: number; y: number; }; transition: { delay: number; }; className: string; }' is not assignable to type 'IntrinsicAttributes & HTMLAttributesWithoutMotionProps<unknown, unknown> & MotionProps & RefAttributes<unknown>'.
  Property 'className' does not exist on type 'IntrinsicAttributes & HTMLAttributesWithoutMotionProps<unknown, unknown> & MotionProps & RefAttributes<unknown>'.
app/admin/users/page.tsx(329,21): error TS2322: Type '{ children: Element[]; key: string; initial: { opacity: number; y: number; }; animate: { opacity: number; y: number; }; transition: { delay: number; }; className: string; }' is not assignable to type 'IntrinsicAttributes & HTMLAttributesWithoutMotionProps<unknown, unknown> & MotionProps & RefAttributes<unknown>'.
  Property 'className' does not exist on type 'IntrinsicAttributes & HTMLAttributesWithoutMotionProps<unknown, unknown> & MotionProps & RefAttributes<unknown>'.
app/agent-livraison/yalidine-shipments/page.tsx(338,21): error TS2322: Type '{ children: Element; key: string; initial: { opacity: number; y: number; }; animate: { opacity: number; y: number; }; transition: { delay: number; }; className: string; }' is not assignable to type 'IntrinsicAttributes & HTMLAttributesWithoutMotionProps<unknown, unknown> & MotionProps & RefAttributes<unknown>'.
  Property 'className' does not exist on type 'IntrinsicAttributes & HTMLAttributesWithoutMotionProps<unknown, unknown> & MotionProps & RefAttributes<unknown>'.
app/categories/page.tsx(95,9): error TS2322: Type '{ children: Element; initial: { opacity: number; y: number; scale: number; }; animate: { opacity: number; y: number; scale: number; }; transition: { duration: number; delay: number; ease: [number, number, number, number]; }; whileHover: { ...; }; className: string; }' is not assignable to type 'IntrinsicAttributes & HTMLAttributesWithoutMotionProps<unknown, unknown> & MotionProps & RefAttributes<unknown>'.
  Property 'className' does not exist on type 'IntrinsicAttributes & HTMLAttributesWithoutMotionProps<unknown, unknown> & MotionProps & RefAttributes<unknown>'.
app/categories/page.tsx(111,17): error TS2322: Type '{ className: string; initial: { opacity: number; }; whileHover: { opacity: number; }; }' is not assignable to type 'IntrinsicAttributes & HTMLAttributesWithoutMotionProps<unknown, unknown> & MotionProps & RefAttributes<unknown>'.
  Property 'className' does not exist on type 'IntrinsicAttributes & HTMLAttributesWithoutMotionProps<unknown, unknown> & MotionProps & RefAttributes<unknown>'.
app/categories/page.tsx(118,19): error TS2322: Type '{ children: string; className: string; initial: { y: number; opacity: number; }; animate: { y: number; opacity: number; }; transition: { delay: number; }; }' is not assignable to type 'IntrinsicAttributes & HTMLAttributesWithoutMotionProps<unknown, unknown> & MotionProps & RefAttributes<unknown>'.
  Property 'className' does not exist on type 'IntrinsicAttributes & HTMLAttributesWithoutMotionProps<unknown, unknown> & MotionProps & RefAttributes<unknown>'.
app/categories/page.tsx(126,19): error TS2322: Type '{ children: string; className: string; initial: { y: number; opacity: number; }; animate: { y: number; opacity: number; }; transition: { delay: number; }; }' is not assignable to type 'IntrinsicAttributes & HTMLAttributesWithoutMotionProps<unknown, unknown> & MotionProps & RefAttributes<unknown>'.
  Property 'className' does not exist on type 'IntrinsicAttributes & HTMLAttributesWithoutMotionProps<unknown, unknown> & MotionProps & RefAttributes<unknown>'.
app/categories/page.tsx(136,17): error TS2322: Type '{ children: Element; className: string; initial: { scale: number; rotate: number; }; animate: { scale: number; rotate: number; }; transition: { delay: number; type: "spring"; stiffness: number; }; }' is not assignable to type 'IntrinsicAttributes & HTMLAttributesWithoutMotionProps<unknown, unknown> & MotionProps & RefAttributes<unknown>'.
  Property 'className' does not exist on type 'IntrinsicAttributes & HTMLAttributesWithoutMotionProps<unknown, unknown> & MotionProps & RefAttributes<unknown>'.
app/categories/page.tsx(148,17): error TS2322: Type '{ children: Element; className: string; animate: { rotate: [number, number]; scale: [number, number, number]; }; transition: { duration: number; repeat: number; ease: "linear"; }; }' is not assignable to type 'IntrinsicAttributes & HTMLAttributesWithoutMotionProps<unknown, unknown> & MotionProps & RefAttributes<unknown>'.
  Property 'className' does not exist on type 'IntrinsicAttributes & HTMLAttributesWithoutMotionProps<unknown, unknown> & MotionProps & RefAttributes<unknown>'.
app/categories/page.tsx(171,17): error TS2322: Type '{ children: Element[]; className: string; whileHover: { x: number; }; transition: { duration: number; }; }' is not assignable to type 'IntrinsicAttributes & HTMLAttributesWithoutMotionProps<unknown, unknown> & MotionProps & RefAttributes<unknown>'.
  Property 'className' does not exist on type 'IntrinsicAttributes & HTMLAttributesWithoutMotionProps<unknown, unknown> & MotionProps & RefAttributes<unknown>'.
app/categories/page.tsx(177,19): error TS2322: Type '{ children: string; className: string; animate: { x: [number, number, number]; }; transition: { duration: number; repeat: number; ease: "easeInOut"; }; }' is not assignable to type 'IntrinsicAttributes & HTMLAttributesWithoutMotionProps<unknown, unknown> & MotionProps & RefAttributes<unknown>'.
  Property 'className' does not exist on type 'IntrinsicAttributes & HTMLAttributesWithoutMotionProps<unknown, unknown> & MotionProps & RefAttributes<unknown>'.
app/categories/page.tsx(200,11): error TS2322: Type '{ children: Element[]; className: string; initial: { opacity: number; }; animate: { opacity: number; }; transition: { duration: number; }; }' is not assignable to type 'IntrinsicAttributes & HTMLAttributesWithoutMotionProps<unknown, unknown> & MotionProps & RefAttributes<unknown>'.
  Property 'className' does not exist on type 'IntrinsicAttributes & HTMLAttributesWithoutMotionProps<unknown, unknown> & MotionProps & RefAttributes<unknown>'.
app/categories/page.tsx(207,13): error TS2322: Type '{ className: string; animate: { backgroundPosition: [string, string]; }; transition: { duration: number; repeat: number; repeatType: "reverse"; }; style: { backgroundImage: "radial-gradient(circle at 20% 80%, rgba(120, 119, 198, 0.3) 0%, transparent 50%), radial-gradient(circle at 80% 20%, rgba(255, 119, 198, 0.3) 0...' is not assignable to type 'IntrinsicAttributes & HTMLAttributesWithoutMotionProps<unknown, unknown> & MotionProps & RefAttributes<unknown>'.
  Property 'className' does not exist on type 'IntrinsicAttributes & HTMLAttributesWithoutMotionProps<unknown, unknown> & MotionProps & RefAttributes<unknown>'.
app/categories/page.tsx(226,15): error TS2322: Type '{ children: Element[]; initial: { opacity: number; y: number; }; animate: { opacity: number; y: number; }; transition: { duration: number; delay: number; }; className: string; }' is not assignable to type 'IntrinsicAttributes & HTMLAttributesWithoutMotionProps<unknown, unknown> & MotionProps & RefAttributes<unknown>'.
  Property 'className' does not exist on type 'IntrinsicAttributes & HTMLAttributesWithoutMotionProps<unknown, unknown> & MotionProps & RefAttributes<unknown>'.
app/categories/page.tsx(229,17): error TS2322: Type '{ children: string; className: string; initial: { opacity: number; scale: number; }; animate: { opacity: number; scale: number; }; transition: { duration: number; delay: number; }; }' is not assignable to type 'IntrinsicAttributes & HTMLAttributesWithoutMotionProps<unknown, unknown> & MotionProps & RefAttributes<unknown>'.
  Property 'className' does not exist on type 'IntrinsicAttributes & HTMLAttributesWithoutMotionProps<unknown, unknown> & MotionProps & RefAttributes<unknown>'.
app/categories/page.tsx(237,17): error TS2322: Type '{ children: string; className: string; initial: { opacity: number; y: number; }; animate: { opacity: number; y: number; }; transition: { duration: number; delay: number; }; }' is not assignable to type 'IntrinsicAttributes & HTMLAttributesWithoutMotionProps<unknown, unknown> & MotionProps & RefAttributes<unknown>'.
  Property 'className' does not exist on type 'IntrinsicAttributes & HTMLAttributesWithoutMotionProps<unknown, unknown> & MotionProps & RefAttributes<unknown>'.
app/categories/page.tsx(251,13): error TS2322: Type '{ children: Element; className: string; initial: { opacity: number; y: number; }; animate: { opacity: number; y: number; }; transition: { duration: number; delay: number; }; }' is not assignable to type 'IntrinsicAttributes & HTMLAttributesWithoutMotionProps<unknown, unknown> & MotionProps & RefAttributes<unknown>'.
  Property 'className' does not exist on type 'IntrinsicAttributes & HTMLAttributesWithoutMotionProps<unknown, unknown> & MotionProps & RefAttributes<unknown>'.
app/categories/page.tsx(270,21): error TS2322: Type '{ children: Element; initial: { opacity: number; scale: number; }; animate: { opacity: number; scale: number; }; onClick: () => void; className: string; }' is not assignable to type 'IntrinsicAttributes & HTMLAttributesWithoutMotionProps<unknown, unknown> & MotionProps & RefAttributes<unknown>'.
  Property 'onClick' does not exist on type 'IntrinsicAttributes & HTMLAttributesWithoutMotionProps<unknown, unknown> & MotionProps & RefAttributes<unknown>'.
app/categories/page.tsx(285,21): error TS2322: Type '{ children: Element[]; initial: { opacity: number; y: number; }; animate: { opacity: number; y: number; }; exit: { opacity: number; y: number; }; className: string; }' is not assignable to type 'IntrinsicAttributes & HTMLAttributesWithoutMotionProps<unknown, unknown> & MotionProps & RefAttributes<unknown>'.
  Property 'className' does not exist on type 'IntrinsicAttributes & HTMLAttributesWithoutMotionProps<unknown, unknown> & MotionProps & RefAttributes<unknown>'.
app/categories/page.tsx(316,13): error TS2322: Type '{ children: Element[]; className: string; initial: { opacity: number; y: number; }; animate: { opacity: number; y: number; }; transition: { duration: number; delay: number; }; }' is not assignable to type 'IntrinsicAttributes & HTMLAttributesWithoutMotionProps<unknown, unknown> & MotionProps & RefAttributes<unknown>'.
  Property 'className' does not exist on type 'IntrinsicAttributes & HTMLAttributesWithoutMotionProps<unknown, unknown> & MotionProps & RefAttributes<unknown>'.
app/categories/page.tsx(329,19): error TS2322: Type '{ children: Element[]; initial: { opacity: number; scale: number; }; animate: { opacity: number; scale: number; }; className: string; }' is not assignable to type 'IntrinsicAttributes & HTMLAttributesWithoutMotionProps<unknown, unknown> & MotionProps & RefAttributes<unknown>'.
  Property 'className' does not exist on type 'IntrinsicAttributes & HTMLAttributesWithoutMotionProps<unknown, unknown> & MotionProps & RefAttributes<unknown>'.
app/categories/page.tsx(365,17): error TS2322: Type '{ children: Element[]; key: string; initial: { opacity: number; }; animate: { opacity: number; }; exit: { opacity: number; }; className: string; }' is not assignable to type 'IntrinsicAttributes & HTMLAttributesWithoutMotionProps<unknown, unknown> & MotionProps & RefAttributes<unknown>'.
  Property 'className' does not exist on type 'IntrinsicAttributes & HTMLAttributesWithoutMotionProps<unknown, unknown> & MotionProps & RefAttributes<unknown>'.
app/categories/page.tsx(374,19): error TS2322: Type '{ children: string; className: string; initial: { opacity: number; }; animate: { opacity: number; }; transition: { delay: number; }; }' is not assignable to type 'IntrinsicAttributes & HTMLAttributesWithoutMotionProps<unknown, unknown> & MotionProps & RefAttributes<unknown>'.
  Property 'className' does not exist on type 'IntrinsicAttributes & HTMLAttributesWithoutMotionProps<unknown, unknown> & MotionProps & RefAttributes<unknown>'.
app/categories/page.tsx(388,17): error TS2322: Type '{ children: Element[]; key: string; initial: { opacity: number; y: number; }; animate: { opacity: number; y: number; }; exit: { opacity: number; y: number; }; className: string; }' is not assignable to type 'IntrinsicAttributes & HTMLAttributesWithoutMotionProps<unknown, unknown> & MotionProps & RefAttributes<unknown>'.
  Property 'className' does not exist on type 'IntrinsicAttributes & HTMLAttributesWithoutMotionProps<unknown, unknown> & MotionProps & RefAttributes<unknown>'.
app/categories/page.tsx(391,19): error TS2322: Type '{ children: Element; className: string; animate: { scale: [number, number, number]; }; transition: { duration: number; repeat: number; }; }' is not assignable to type 'IntrinsicAttributes & HTMLAttributesWithoutMotionProps<unknown, unknown> & MotionProps & RefAttributes<unknown>'.
  Property 'className' does not exist on type 'IntrinsicAttributes & HTMLAttributesWithoutMotionProps<unknown, unknown> & MotionProps & RefAttributes<unknown>'.
app/categories/page.tsx(411,17): error TS2322: Type '{ children: false | Element[]; key: string; initial: { opacity: number; }; animate: { opacity: number; }; exit: { opacity: number; }; className: string; }' is not assignable to type 'IntrinsicAttributes & HTMLAttributesWithoutMotionProps<unknown, unknown> & MotionProps & RefAttributes<unknown>'.
  Property 'className' does not exist on type 'IntrinsicAttributes & HTMLAttributesWithoutMotionProps<unknown, unknown> & MotionProps & RefAttributes<unknown>'.
app/checkout/page.tsx(451,15): error TS2322: Type '{ children: Element[]; initial: { opacity: number; y: number; }; animate: { opacity: number; y: number; }; transition: { duration: number; }; className: string; }' is not assignable to type 'IntrinsicAttributes & HTMLAttributesWithoutMotionProps<unknown, unknown> & MotionProps & RefAttributes<unknown>'.
  Property 'className' does not exist on type 'IntrinsicAttributes & HTMLAttributesWithoutMotionProps<unknown, unknown> & MotionProps & RefAttributes<unknown>'.
app/contact/page.tsx(70,15): error TS2322: Type '{ children: Element[]; initial: { opacity: number; y: number; }; animate: { opacity: number; y: number; }; className: string; }' is not assignable to type 'IntrinsicAttributes & HTMLAttributesWithoutMotionProps<unknown, unknown> & MotionProps & RefAttributes<unknown>'.
  Property 'className' does not exist on type 'IntrinsicAttributes & HTMLAttributesWithoutMotionProps<unknown, unknown> & MotionProps & RefAttributes<unknown>'.
app/faq/page.tsx(178,15): error TS2322: Type '{ children: Element[]; initial: { opacity: number; y: number; }; animate: { opacity: number; y: number; }; className: string; }' is not assignable to type 'IntrinsicAttributes & HTMLAttributesWithoutMotionProps<unknown, unknown> & MotionProps & RefAttributes<unknown>'.
  Property 'className' does not exist on type 'IntrinsicAttributes & HTMLAttributesWithoutMotionProps<unknown, unknown> & MotionProps & RefAttributes<unknown>'.
app/faq/page.tsx(238,19): error TS2322: Type '{ children: Element[]; key: string; initial: { opacity: number; y: number; }; whileInView: { opacity: number; y: number; }; transition: { duration: number; delay: number; }; viewport: { once: true; }; className: string; }' is not assignable to type 'IntrinsicAttributes & HTMLAttributesWithoutMotionProps<unknown, unknown> & MotionProps & RefAttributes<unknown>'.
  Property 'className' does not exist on type 'IntrinsicAttributes & HTMLAttributesWithoutMotionProps<unknown, unknown> & MotionProps & RefAttributes<unknown>'.
app/faq/page.tsx(273,33): error TS2322: Type '{ children: Element; initial: { height: number; opacity: number; }; animate: { height: string; opacity: number; }; exit: { height: number; opacity: number; }; transition: { duration: number; }; className: string; }' is not assignable to type 'IntrinsicAttributes & HTMLAttributesWithoutMotionProps<unknown, unknown> & MotionProps & RefAttributes<unknown>'.
  Property 'className' does not exist on type 'IntrinsicAttributes & HTMLAttributesWithoutMotionProps<unknown, unknown> & MotionProps & RefAttributes<unknown>'.
app/faq/page.tsx(296,17): error TS2322: Type '{ children: Element[]; initial: { opacity: number; }; animate: { opacity: number; }; className: string; }' is not assignable to type 'IntrinsicAttributes & HTMLAttributesWithoutMotionProps<unknown, unknown> & MotionProps & RefAttributes<unknown>'.
  Property 'className' does not exist on type 'IntrinsicAttributes & HTMLAttributesWithoutMotionProps<unknown, unknown> & MotionProps & RefAttributes<unknown>'.
app/faq/page.tsx(319,15): error TS2322: Type '{ children: Element[]; initial: { opacity: number; y: number; }; whileInView: { opacity: number; y: number; }; transition: { duration: number; }; viewport: { once: true; }; className: string; }' is not assignable to type 'IntrinsicAttributes & HTMLAttributesWithoutMotionProps<unknown, unknown> & MotionProps & RefAttributes<unknown>'.
  Property 'className' does not exist on type 'IntrinsicAttributes & HTMLAttributesWithoutMotionProps<unknown, unknown> & MotionProps & RefAttributes<unknown>'.
app/loud-styles/categories/page.tsx(92,9): error TS2322: Type '{ children: Element; initial: { opacity: number; y: number; scale: number; }; animate: { opacity: number; y: number; scale: number; }; transition: { duration: number; delay: number; ease: [number, number, number, number]; }; whileHover: { ...; }; className: string; }' is not assignable to type 'IntrinsicAttributes & HTMLAttributesWithoutMotionProps<unknown, unknown> & MotionProps & RefAttributes<unknown>'.
  Property 'className' does not exist on type 'IntrinsicAttributes & HTMLAttributesWithoutMotionProps<unknown, unknown> & MotionProps & RefAttributes<unknown>'.
app/loud-styles/categories/page.tsx(114,21): error TS2322: Type '{ children: string; className: string; whileHover: { scale: number; }; transition: { duration: number; }; }' is not assignable to type 'IntrinsicAttributes & HTMLAttributesWithoutMotionProps<unknown, unknown> & MotionProps & RefAttributes<unknown>'.
  Property 'className' does not exist on type 'IntrinsicAttributes & HTMLAttributesWithoutMotionProps<unknown, unknown> & MotionProps & RefAttributes<unknown>'.
app/loud-styles/categories/page.tsx(121,21): error TS2322: Type '{ children: (string | number)[]; className: string; whileHover: { scale: number; }; transition: { duration: number; }; }' is not assignable to type 'IntrinsicAttributes & HTMLAttributesWithoutMotionProps<unknown, unknown> & MotionProps & RefAttributes<unknown>'.
  Property 'className' does not exist on type 'IntrinsicAttributes & HTMLAttributesWithoutMotionProps<unknown, unknown> & MotionProps & RefAttributes<unknown>'.
app/loud-styles/categories/page.tsx(131,21): error TS2322: Type '{ children: Element; initial: { opacity: number; y: number; }; whileHover: { opacity: number; y: number; }; transition: { duration: number; }; className: string; }' is not assignable to type 'IntrinsicAttributes & HTMLAttributesWithoutMotionProps<unknown, unknown> & MotionProps & RefAttributes<unknown>'.
  Property 'className' does not exist on type 'IntrinsicAttributes & HTMLAttributesWithoutMotionProps<unknown, unknown> & MotionProps & RefAttributes<unknown>'.
app/loud-styles/categories/page.tsx(146,15): error TS2322: Type '{ className: string; whileHover: { scale: number; }; transition: { duration: number; }; }' is not assignable to type 'IntrinsicAttributes & HTMLAttributesWithoutMotionProps<unknown, unknown> & MotionProps & RefAttributes<unknown>'.
  Property 'className' does not exist on type 'IntrinsicAttributes & HTMLAttributesWithoutMotionProps<unknown, unknown> & MotionProps & RefAttributes<unknown>'.
app/loud-styles/categories/page.tsx(183,13): error TS2322: Type '{ children: Element[]; initial: { opacity: number; y: number; }; animate: { opacity: number; y: number; }; transition: { duration: number; }; className: string; }' is not assignable to type 'IntrinsicAttributes & HTMLAttributesWithoutMotionProps<unknown, unknown> & MotionProps & RefAttributes<unknown>'.
  Property 'className' does not exist on type 'IntrinsicAttributes & HTMLAttributesWithoutMotionProps<unknown, unknown> & MotionProps & RefAttributes<unknown>'.
app/loud-styles/products/[slug]/luxury-product-detail.tsx(449,11): error TS2322: Type '{ children: Element; className: string; initial: { opacity: number; y: number; }; animate: { opacity: number; y: number; }; transition: { duration: number; }; style: { minHeight: string; }; }' is not assignable to type 'IntrinsicAttributes & HTMLAttributesWithoutMotionProps<unknown, unknown> & MotionProps & RefAttributes<unknown>'.
  Property 'className' does not exist on type 'IntrinsicAttributes & HTMLAttributesWithoutMotionProps<unknown, unknown> & MotionProps & RefAttributes<unknown>'.
app/loud-styles/products/[slug]/luxury-product-detail.tsx(483,11): error TS2322: Type '{ children: Element[]; className: string; variants: { hidden: { opacity: number; }; visible: { opacity: number; transition: { staggerChildren: number; delayChildren: number; }; }; }; initial: string; animate: string; }' is not assignable to type 'IntrinsicAttributes & HTMLAttributesWithoutMotionProps<unknown, unknown> & MotionProps & RefAttributes<unknown>'.
  Property 'className' does not exist on type 'IntrinsicAttributes & HTMLAttributesWithoutMotionProps<unknown, unknown> & MotionProps & RefAttributes<unknown>'.
app/loud-styles/products/[slug]/luxury-product-detail.tsx(491,15): error TS2322: Type '{ children: Element; className: string; variants: { hidden: { opacity: number; y: number; }; visible: { opacity: number; y: number; transition: { duration: number; ease: number[]; }; }; }; }' is not assignable to type 'IntrinsicAttributes & HTMLAttributesWithoutMotionProps<unknown, unknown> & MotionProps & RefAttributes<unknown>'.
  Property 'className' does not exist on type 'IntrinsicAttributes & HTMLAttributesWithoutMotionProps<unknown, unknown> & MotionProps & RefAttributes<unknown>'.
app/loud-styles/products/[slug]/luxury-product-detail.tsx(557,23): error TS2322: Type '{ children: Element[]; className: string; variants: { hidden: { opacity: number; y: number; }; visible: { opacity: number; y: number; transition: { duration: number; ease: number[]; }; }; }; }' is not assignable to type 'IntrinsicAttributes & HTMLAttributesWithoutMotionProps<unknown, unknown> & MotionProps & RefAttributes<unknown>'.
  Property 'className' does not exist on type 'IntrinsicAttributes & HTMLAttributesWithoutMotionProps<unknown, unknown> & MotionProps & RefAttributes<unknown>'.
app/loud-styles/products/[slug]/luxury-product-detail.tsx(563,27): error TS2322: Type '{ children: Element; key: number; className: string; onClick: () => void; whileHover: { scale: number; }; whileTap: { scale: number; }; style: { willChange: "transform"; }; }' is not assignable to type 'IntrinsicAttributes & HTMLAttributesWithoutMotionProps<unknown, unknown> & MotionProps & RefAttributes<unknown>'.
  Property 'className' does not exist on type 'IntrinsicAttributes & HTMLAttributesWithoutMotionProps<unknown, unknown> & MotionProps & RefAttributes<unknown>'.
app/loud-styles/products/[slug]/luxury-product-detail.tsx(600,15): error TS2322: Type '{ children: (false | Element)[]; className: string; variants: { hidden: { opacity: number; y: number; }; visible: { opacity: number; y: number; transition: { duration: number; ease: number[]; }; }; }; }' is not assignable to type 'IntrinsicAttributes & HTMLAttributesWithoutMotionProps<unknown, unknown> & MotionProps & RefAttributes<unknown>'.
  Property 'className' does not exist on type 'IntrinsicAttributes & HTMLAttributesWithoutMotionProps<unknown, unknown> & MotionProps & RefAttributes<unknown>'.
app/loud-styles/products/[slug]/luxury-product-detail.tsx(607,19): error TS2322: Type '{ children: (false | "" | Element | null | undefined)[]; className: string; variants: { hidden: { opacity: number; y: number; }; visible: { opacity: number; y: number; transition: { duration: number; ease: number[]; }; }; }; }' is not assignable to type 'IntrinsicAttributes & HTMLAttributesWithoutMotionProps<unknown, unknown> & MotionProps & RefAttributes<unknown>'.
  Property 'className' does not exist on type 'IntrinsicAttributes & HTMLAttributesWithoutMotionProps<unknown, unknown> & MotionProps & RefAttributes<unknown>'.
app/loud-styles/products/[slug]/luxury-product-detail.tsx(644,19): error TS2322: Type '{ children: string; className: string; variants: { hidden: { opacity: number; y: number; }; visible: { opacity: number; y: number; transition: { duration: number; ease: number[]; }; }; }; }' is not assignable to type 'IntrinsicAttributes & HTMLAttributesWithoutMotionProps<unknown, unknown> & MotionProps & RefAttributes<unknown>'.
  Property 'className' does not exist on type 'IntrinsicAttributes & HTMLAttributesWithoutMotionProps<unknown, unknown> & MotionProps & RefAttributes<unknown>'.
app/loud-styles/products/[slug]/luxury-product-detail.tsx(654,17): error TS2322: Type '{ children: Element; className: string; variants: { hidden: { opacity: number; y: number; }; visible: { opacity: number; y: number; transition: { duration: number; ease: number[]; }; }; }; }' is not assignable to type 'IntrinsicAttributes & HTMLAttributesWithoutMotionProps<unknown, unknown> & MotionProps & RefAttributes<unknown>'.
  Property 'className' does not exist on type 'IntrinsicAttributes & HTMLAttributesWithoutMotionProps<unknown, unknown> & MotionProps & RefAttributes<unknown>'.
app/loud-styles/products/[slug]/luxury-product-detail.tsx(677,19): error TS2322: Type '{ children: Element[]; className: string; variants: { hidden: { opacity: number; y: number; }; visible: { opacity: number; y: number; transition: { duration: number; ease: number[]; }; }; }; }' is not assignable to type 'IntrinsicAttributes & HTMLAttributesWithoutMotionProps<unknown, unknown> & MotionProps & RefAttributes<unknown>'.
  Property 'className' does not exist on type 'IntrinsicAttributes & HTMLAttributesWithoutMotionProps<unknown, unknown> & MotionProps & RefAttributes<unknown>'.
app/loud-styles/products/[slug]/luxury-product-detail.tsx(722,17): error TS2322: Type '{ children: Element[]; className: string; variants: { hidden: { opacity: number; y: number; }; visible: { opacity: number; y: number; transition: { duration: number; ease: number[]; }; }; }; }' is not assignable to type 'IntrinsicAttributes & HTMLAttributesWithoutMotionProps<unknown, unknown> & MotionProps & RefAttributes<unknown>'.
  Property 'className' does not exist on type 'IntrinsicAttributes & HTMLAttributesWithoutMotionProps<unknown, unknown> & MotionProps & RefAttributes<unknown>'.
app/loud-styles/products/[slug]/luxury-product-detail.tsx(736,19): error TS2322: Type '{ children: (false | "" | Element | undefined)[]; className: string; variants: { hidden: { opacity: number; y: number; }; visible: { opacity: number; y: number; transition: { duration: number; ease: number[]; }; }; }; }' is not assignable to type 'IntrinsicAttributes & HTMLAttributesWithoutMotionProps<unknown, unknown> & MotionProps & RefAttributes<unknown>'.
  Property 'className' does not exist on type 'IntrinsicAttributes & HTMLAttributesWithoutMotionProps<unknown, unknown> & MotionProps & RefAttributes<unknown>'.
app/loud-styles/products/[slug]/luxury-product-detail.tsx(756,25): error TS2322: Type '{ children: any[]; key: any; disabled: boolean; className: string; onClick: () => void; whileHover: { scale: number; } | {}; whileTap: { scale: number; } | {}; style: { willChange: "transform"; }; }' is not assignable to type 'IntrinsicAttributes & HTMLAttributesWithoutMotionProps<unknown, unknown> & MotionProps & RefAttributes<unknown>'.
  Property 'disabled' does not exist on type 'IntrinsicAttributes & HTMLAttributesWithoutMotionProps<unknown, unknown> & MotionProps & RefAttributes<unknown>'.
app/loud-styles/products/[slug]/luxury-product-detail.tsx(791,23): error TS2322: Type '{ children: string; className: string; onClick: () => void; whileHover: { scale: number; }; whileTap: { scale: number; }; style: { willChange: "transform"; }; }' is not assignable to type 'IntrinsicAttributes & HTMLAttributesWithoutMotionProps<unknown, unknown> & MotionProps & RefAttributes<unknown>'.
  Property 'className' does not exist on type 'IntrinsicAttributes & HTMLAttributesWithoutMotionProps<unknown, unknown> & MotionProps & RefAttributes<unknown>'.
app/loud-styles/products/[slug]/luxury-product-detail.tsx(1017,17): error TS2322: Type '{ children: Element[]; className: string; variants: { hidden: { opacity: number; y: number; }; visible: { opacity: number; y: number; transition: { duration: number; ease: number[]; }; }; }; }' is not assignable to type 'IntrinsicAttributes & HTMLAttributesWithoutMotionProps<unknown, unknown> & MotionProps & RefAttributes<unknown>'.
  Property 'className' does not exist on type 'IntrinsicAttributes & HTMLAttributesWithoutMotionProps<unknown, unknown> & MotionProps & RefAttributes<unknown>'.
app/loud-styles/products/[slug]/luxury-product-detail.tsx(1050,17): error TS2322: Type '{ children: (false | "" | Element | undefined)[]; className: string; variants: { hidden: { opacity: number; y: number; }; visible: { opacity: number; y: number; transition: { duration: number; ease: number[]; }; }; }; }' is not assignable to type 'IntrinsicAttributes & HTMLAttributesWithoutMotionProps<unknown, unknown> & MotionProps & RefAttributes<unknown>'.
  Property 'className' does not exist on type 'IntrinsicAttributes & HTMLAttributesWithoutMotionProps<unknown, unknown> & MotionProps & RefAttributes<unknown>'.
app/loud-styles/products/[slug]/luxury-product-detail.tsx(1112,17): error TS2322: Type '{ children: Element[]; className: string; variants: { hidden: { opacity: number; y: number; }; visible: { opacity: number; y: number; transition: { duration: number; ease: number[]; }; }; }; }' is not assignable to type 'IntrinsicAttributes & HTMLAttributesWithoutMotionProps<unknown, unknown> & MotionProps & RefAttributes<unknown>'.
  Property 'className' does not exist on type 'IntrinsicAttributes & HTMLAttributesWithoutMotionProps<unknown, unknown> & MotionProps & RefAttributes<unknown>'.
app/loud-styles/products/[slug]/luxury-product-detail.tsx(1147,13): error TS2322: Type '{ children: Element; className: string; variants: { hidden: { opacity: number; y: number; }; visible: { opacity: number; y: number; transition: { duration: number; ease: number[]; }; }; }; }' is not assignable to type 'IntrinsicAttributes & HTMLAttributesWithoutMotionProps<unknown, unknown> & MotionProps & RefAttributes<unknown>'.
  Property 'className' does not exist on type 'IntrinsicAttributes & HTMLAttributesWithoutMotionProps<unknown, unknown> & MotionProps & RefAttributes<unknown>'.
app/loud-styles/products/[slug]/luxury-product-detail.tsx(1208,15): error TS2322: Type '{ children: Element; className: string; initial: { opacity: number; }; animate: { opacity: number; }; exit: { opacity: number; }; onClick: () => void; }' is not assignable to type 'IntrinsicAttributes & HTMLAttributesWithoutMotionProps<unknown, unknown> & MotionProps & RefAttributes<unknown>'.
  Property 'className' does not exist on type 'IntrinsicAttributes & HTMLAttributesWithoutMotionProps<unknown, unknown> & MotionProps & RefAttributes<unknown>'.
app/loud-styles/products/[slug]/luxury-product-detail.tsx(1215,17): error TS2322: Type '{ children: (false | Element)[]; className: string; initial: { scale: number; opacity: number; }; animate: { scale: number; opacity: number; }; exit: { scale: number; opacity: number; }; transition: { ...; }; onClick: (e: any) => any; }' is not assignable to type 'IntrinsicAttributes & HTMLAttributesWithoutMotionProps<unknown, unknown> & MotionProps & RefAttributes<unknown>'.
  Property 'className' does not exist on type 'IntrinsicAttributes & HTMLAttributesWithoutMotionProps<unknown, unknown> & MotionProps & RefAttributes<unknown>'.
app/loud-styles/products/[slug]/luxury-product-detail.tsx(1220,27): error TS7006: Parameter 'e' implicitly has an 'any' type.
app/loud-styles/products/[slug]/luxury-product-detail.tsx(1275,15): error TS2322: Type '{ children: Element; className: string; initial: { y: string; }; animate: { y: number; }; exit: { y: string; }; transition: { type: "spring"; damping: number; stiffness: number; }; }' is not assignable to type 'IntrinsicAttributes & HTMLAttributesWithoutMotionProps<unknown, unknown> & MotionProps & RefAttributes<unknown>'.
  Property 'className' does not exist on type 'IntrinsicAttributes & HTMLAttributesWithoutMotionProps<unknown, unknown> & MotionProps & RefAttributes<unknown>'.
app/loud-styles/products/[slug]/luxury-product-detail.tsx(1286,17): error TS2322: Type '{ children: Element[]; className: string; style: { width: string; maxWidth: string; minWidth: string; }; initial: { scale: number; }; animate: { scale: number; }; exit: { scale: number; }; transition: { ...; }; }' is not assignable to type 'IntrinsicAttributes & HTMLAttributesWithoutMotionProps<unknown, unknown> & MotionProps & RefAttributes<unknown>'.
  Property 'className' does not exist on type 'IntrinsicAttributes & HTMLAttributesWithoutMotionProps<unknown, unknown> & MotionProps & RefAttributes<unknown>'.
app/loud-styles/products/[slug]/luxury-product-detail.tsx(1301,23): error TS2322: Type '{ children: string; className: string; initial: { opacity: number; x: number; }; animate: { opacity: number; x: number; }; transition: { delay: number; }; }' is not assignable to type 'IntrinsicAttributes & HTMLAttributesWithoutMotionProps<unknown, unknown> & MotionProps & RefAttributes<unknown>'.
  Property 'className' does not exist on type 'IntrinsicAttributes & HTMLAttributesWithoutMotionProps<unknown, unknown> & MotionProps & RefAttributes<unknown>'.
app/loud-styles/products/[slug]/luxury-product-detail.tsx(1309,23): error TS2322: Type '{ children: string; className: string; initial: { opacity: number; x: number; }; animate: { opacity: number; x: number; }; transition: { delay: number; }; }' is not assignable to type 'IntrinsicAttributes & HTMLAttributesWithoutMotionProps<unknown, unknown> & MotionProps & RefAttributes<unknown>'.
  Property 'className' does not exist on type 'IntrinsicAttributes & HTMLAttributesWithoutMotionProps<unknown, unknown> & MotionProps & RefAttributes<unknown>'.
app/loud-styles/products/[slug]/luxury-product-detail.tsx(1378,25): error TS2322: Type '{ children: Element[]; key: string; className: string; style: { minWidth: string; maxWidth: string; }; initial: { opacity: number; scale: number; }; animate: { opacity: number; scale: number; }; transition: { ...; }; whileHover: { ...; }; }' is not assignable to type 'IntrinsicAttributes & HTMLAttributesWithoutMotionProps<unknown, unknown> & MotionProps & RefAttributes<unknown>'.
  Property 'className' does not exist on type 'IntrinsicAttributes & HTMLAttributesWithoutMotionProps<unknown, unknown> & MotionProps & RefAttributes<unknown>'.
app/loud-styles/products/page.tsx(323,9): error TS2322: Type '{ children: Element; initial: { opacity: number; y: number; scale: number; }; whileInView: { opacity: number; y: number; scale: number; }; viewport: { once: true; margin: string; amount: number; }; transition: { ...; }; whileHover: { ...; }; className: string; }' is not assignable to type 'IntrinsicAttributes & HTMLAttributesWithoutMotionProps<unknown, unknown> & MotionProps & RefAttributes<unknown>'.
  Property 'className' does not exist on type 'IntrinsicAttributes & HTMLAttributesWithoutMotionProps<unknown, unknown> & MotionProps & RefAttributes<unknown>'.
app/loud-styles/products/page.tsx(336,17): error TS2322: Type '{ children: (false | "" | Element | undefined)[]; whileHover: { scale: number; }; transition: { duration: number; ease: "easeOut"; }; className: string; }' is not assignable to type 'IntrinsicAttributes & HTMLAttributesWithoutMotionProps<unknown, unknown> & MotionProps & RefAttributes<unknown>'.
  Property 'className' does not exist on type 'IntrinsicAttributes & HTMLAttributesWithoutMotionProps<unknown, unknown> & MotionProps & RefAttributes<unknown>'.
app/loud-styles/products/page.tsx(630,13): error TS2322: Type '{ children: Element[]; initial: { opacity: number; y: number; }; animate: { opacity: number; y: number; }; transition: { duration: number; }; className: string; }' is not assignable to type 'IntrinsicAttributes & HTMLAttributesWithoutMotionProps<unknown, unknown> & MotionProps & RefAttributes<unknown>'.
  Property 'className' does not exist on type 'IntrinsicAttributes & HTMLAttributesWithoutMotionProps<unknown, unknown> & MotionProps & RefAttributes<unknown>'.
app/loud-styles/sections/categories-section.tsx(56,9): error TS2322: Type '{ children: Element[]; initial: { opacity: number; y: number; }; whileInView: { opacity: number; y: number; }; transition: { duration: number; }; viewport: { once: true; }; className: string; }' is not assignable to type 'IntrinsicAttributes & HTMLAttributesWithoutMotionProps<unknown, unknown> & MotionProps & RefAttributes<unknown>'.
  Property 'className' does not exist on type 'IntrinsicAttributes & HTMLAttributesWithoutMotionProps<unknown, unknown> & MotionProps & RefAttributes<unknown>'.
app/loud-styles/sections/categories-section.tsx(86,15): error TS2322: Type '{ children: Element; key: string; initial: { opacity: number; y: number; scale: number; }; whileInView: { opacity: number; y: number; scale: number; }; transition: { duration: number; delay: number; ease: [...]; }; viewport: { ...; }; whileHover: { ...; }; className: string; }' is not assignable to type 'IntrinsicAttributes & HTMLAttributesWithoutMotionProps<unknown, unknown> & MotionProps & RefAttributes<unknown>'.
  Property 'className' does not exist on type 'IntrinsicAttributes & HTMLAttributesWithoutMotionProps<unknown, unknown> & MotionProps & RefAttributes<unknown>'.
app/loud-styles/sections/categories-section.tsx(109,27): error TS2322: Type '{ children: string; className: string; whileHover: { scale: number; }; transition: { duration: number; }; }' is not assignable to type 'IntrinsicAttributes & HTMLAttributesWithoutMotionProps<unknown, unknown> & MotionProps & RefAttributes<unknown>'.
  Property 'className' does not exist on type 'IntrinsicAttributes & HTMLAttributesWithoutMotionProps<unknown, unknown> & MotionProps & RefAttributes<unknown>'.
app/loud-styles/sections/categories-section.tsx(116,27): error TS2322: Type '{ children: (string | number)[]; className: string; whileHover: { scale: number; }; transition: { duration: number; }; }' is not assignable to type 'IntrinsicAttributes & HTMLAttributesWithoutMotionProps<unknown, unknown> & MotionProps & RefAttributes<unknown>'.
  Property 'className' does not exist on type 'IntrinsicAttributes & HTMLAttributesWithoutMotionProps<unknown, unknown> & MotionProps & RefAttributes<unknown>'.
app/loud-styles/sections/categories-section.tsx(127,21): error TS2322: Type '{ className: string; whileHover: { scale: number; }; transition: { duration: number; }; }' is not assignable to type 'IntrinsicAttributes & HTMLAttributesWithoutMotionProps<unknown, unknown> & MotionProps & RefAttributes<unknown>'.
  Property 'className' does not exist on type 'IntrinsicAttributes & HTMLAttributesWithoutMotionProps<unknown, unknown> & MotionProps & RefAttributes<unknown>'.
app/loud-styles/sections/featured-products-section.tsx(92,9): error TS2322: Type '{ children: Element[]; initial: { opacity: number; y: number; }; whileInView: { opacity: number; y: number; }; transition: { duration: number; }; viewport: { once: true; }; className: string; }' is not assignable to type 'IntrinsicAttributes & HTMLAttributesWithoutMotionProps<unknown, unknown> & MotionProps & RefAttributes<unknown>'.
  Property 'className' does not exist on type 'IntrinsicAttributes & HTMLAttributesWithoutMotionProps<unknown, unknown> & MotionProps & RefAttributes<unknown>'.
app/loud-styles/sections/featured-products-section.tsx(136,17): error TS2322: Type '{ children: Element; key: string; initial: { opacity: number; y: number; scale: number; }; whileInView: { opacity: number; y: number; scale: number; }; transition: { duration: number; delay: number; ease: [...]; }; viewport: { ...; }; whileHover: { ...; }; whileTap: { ...; }; className: string; }' is not assignable to type 'IntrinsicAttributes & HTMLAttributesWithoutMotionProps<unknown, unknown> & MotionProps & RefAttributes<unknown>'.
  Property 'className' does not exist on type 'IntrinsicAttributes & HTMLAttributesWithoutMotionProps<unknown, unknown> & MotionProps & RefAttributes<unknown>'.
app/loud-styles/sections/featured-products-section.tsx(145,23): error TS2322: Type '{ className: string; initial: { opacity: number; }; whileHover: { opacity: number; }; }' is not assignable to type 'IntrinsicAttributes & HTMLAttributesWithoutMotionProps<unknown, unknown> & MotionProps & RefAttributes<unknown>'.
  Property 'className' does not exist on type 'IntrinsicAttributes & HTMLAttributesWithoutMotionProps<unknown, unknown> & MotionProps & RefAttributes<unknown>'.
app/loud-styles/sections/featured-products-section.tsx(155,27): error TS2322: Type '{ children: (false | "" | Element | undefined)[]; whileHover: { scale: number; }; transition: { duration: number; ease: "easeOut"; }; className: string; }' is not assignable to type 'IntrinsicAttributes & HTMLAttributesWithoutMotionProps<unknown, unknown> & MotionProps & RefAttributes<unknown>'.
  Property 'className' does not exist on type 'IntrinsicAttributes & HTMLAttributesWithoutMotionProps<unknown, unknown> & MotionProps & RefAttributes<unknown>'.
app/loud-styles/sections/featured-products-section.tsx(199,27): error TS2322: Type '{ children: string; className: string; whileHover: { color: string; }; }' is not assignable to type 'IntrinsicAttributes & HTMLAttributesWithoutMotionProps<unknown, unknown> & MotionProps & RefAttributes<unknown>'.
  Property 'className' does not exist on type 'IntrinsicAttributes & HTMLAttributesWithoutMotionProps<unknown, unknown> & MotionProps & RefAttributes<unknown>'.
app/loud-styles/sections/featured-products-section.tsx(206,27): error TS2322: Type '{ children: (false | 0 | Element | undefined)[]; className: string; initial: { opacity: number; y: number; }; animate: { opacity: number; y: number; }; transition: { delay: number; duration: number; }; }' is not assignable to type 'IntrinsicAttributes & HTMLAttributesWithoutMotionProps<unknown, unknown> & MotionProps & RefAttributes<unknown>'.
  Property 'className' does not exist on type 'IntrinsicAttributes & HTMLAttributesWithoutMotionProps<unknown, unknown> & MotionProps & RefAttributes<unknown>'.
app/loud-styles/sections/featured-products-section.tsx(223,29): error TS2322: Type '{ children: (false | Element | Element[])[]; className: string; initial: { opacity: number; y: number; }; animate: { opacity: number; y: number; }; transition: { delay: number; duration: number; }; }' is not assignable to type 'IntrinsicAttributes & HTMLAttributesWithoutMotionProps<unknown, unknown> & MotionProps & RefAttributes<unknown>'.
  Property 'className' does not exist on type 'IntrinsicAttributes & HTMLAttributesWithoutMotionProps<unknown, unknown> & MotionProps & RefAttributes<unknown>'.
app/loud-styles/sections/featured-products-section.tsx(246,27): error TS2322: Type '{ children: Element[]; className: string; initial: { opacity: number; y: number; }; animate: { opacity: number; y: number; }; transition: { delay: number; duration: number; }; }' is not assignable to type 'IntrinsicAttributes & HTMLAttributesWithoutMotionProps<unknown, unknown> & MotionProps & RefAttributes<unknown>'.
  Property 'className' does not exist on type 'IntrinsicAttributes & HTMLAttributesWithoutMotionProps<unknown, unknown> & MotionProps & RefAttributes<unknown>'.
app/loud-styles/sections/featured-products-section.tsx(308,11): error TS2322: Type '{ children: Element; initial: { opacity: number; y: number; }; whileInView: { opacity: number; y: number; }; transition: { duration: number; delay: number; }; viewport: { once: true; }; className: string; }' is not assignable to type 'IntrinsicAttributes & HTMLAttributesWithoutMotionProps<unknown, unknown> & MotionProps & RefAttributes<unknown>'.
  Property 'className' does not exist on type 'IntrinsicAttributes & HTMLAttributesWithoutMotionProps<unknown, unknown> & MotionProps & RefAttributes<unknown>'.
app/loudim/categories/page.tsx(92,9): error TS2322: Type '{ children: Element; initial: { opacity: number; y: number; scale: number; }; animate: { opacity: number; y: number; scale: number; }; transition: { duration: number; delay: number; ease: [number, number, number, number]; }; whileHover: { ...; }; className: string; }' is not assignable to type 'IntrinsicAttributes & HTMLAttributesWithoutMotionProps<unknown, unknown> & MotionProps & RefAttributes<unknown>'.
  Property 'className' does not exist on type 'IntrinsicAttributes & HTMLAttributesWithoutMotionProps<unknown, unknown> & MotionProps & RefAttributes<unknown>'.
app/loudim/categories/page.tsx(114,21): error TS2322: Type '{ children: string; className: string; whileHover: { scale: number; }; transition: { duration: number; }; }' is not assignable to type 'IntrinsicAttributes & HTMLAttributesWithoutMotionProps<unknown, unknown> & MotionProps & RefAttributes<unknown>'.
  Property 'className' does not exist on type 'IntrinsicAttributes & HTMLAttributesWithoutMotionProps<unknown, unknown> & MotionProps & RefAttributes<unknown>'.
app/loudim/categories/page.tsx(121,21): error TS2322: Type '{ children: (string | number)[]; className: string; whileHover: { scale: number; }; transition: { duration: number; }; }' is not assignable to type 'IntrinsicAttributes & HTMLAttributesWithoutMotionProps<unknown, unknown> & MotionProps & RefAttributes<unknown>'.
  Property 'className' does not exist on type 'IntrinsicAttributes & HTMLAttributesWithoutMotionProps<unknown, unknown> & MotionProps & RefAttributes<unknown>'.
app/loudim/categories/page.tsx(131,21): error TS2322: Type '{ children: Element; initial: { opacity: number; y: number; }; whileHover: { opacity: number; y: number; }; transition: { duration: number; }; className: string; }' is not assignable to type 'IntrinsicAttributes & HTMLAttributesWithoutMotionProps<unknown, unknown> & MotionProps & RefAttributes<unknown>'.
  Property 'className' does not exist on type 'IntrinsicAttributes & HTMLAttributesWithoutMotionProps<unknown, unknown> & MotionProps & RefAttributes<unknown>'.
app/loudim/categories/page.tsx(146,15): error TS2322: Type '{ className: string; whileHover: { scale: number; }; transition: { duration: number; }; }' is not assignable to type 'IntrinsicAttributes & HTMLAttributesWithoutMotionProps<unknown, unknown> & MotionProps & RefAttributes<unknown>'.
  Property 'className' does not exist on type 'IntrinsicAttributes & HTMLAttributesWithoutMotionProps<unknown, unknown> & MotionProps & RefAttributes<unknown>'.
app/loudim/categories/page.tsx(183,13): error TS2322: Type '{ children: Element[]; initial: { opacity: number; y: number; }; animate: { opacity: number; y: number; }; transition: { duration: number; }; className: string; }' is not assignable to type 'IntrinsicAttributes & HTMLAttributesWithoutMotionProps<unknown, unknown> & MotionProps & RefAttributes<unknown>'.
  Property 'className' does not exist on type 'IntrinsicAttributes & HTMLAttributesWithoutMotionProps<unknown, unknown> & MotionProps & RefAttributes<unknown>'.
app/loudim/page.tsx(201,13): error TS2322: Type '{ children: string; initial: { opacity: number; y: number; }; animate: { opacity: number; y: number; }; transition: { duration: number; ease: [number, number, number, number]; }; className: string; }' is not assignable to type 'IntrinsicAttributes & HTMLAttributesWithoutMotionProps<unknown, unknown> & MotionProps & RefAttributes<unknown>'.
  Property 'className' does not exist on type 'IntrinsicAttributes & HTMLAttributesWithoutMotionProps<unknown, unknown> & MotionProps & RefAttributes<unknown>'.
app/loudim/page.tsx(209,13): error TS2322: Type '{ children: string; initial: { opacity: number; y: number; }; animate: { opacity: number; y: number; }; transition: { duration: number; delay: number; ease: [number, number, number, number]; }; className: string; }' is not assignable to type 'IntrinsicAttributes & HTMLAttributesWithoutMotionProps<unknown, unknown> & MotionProps & RefAttributes<unknown>'.
  Property 'className' does not exist on type 'IntrinsicAttributes & HTMLAttributesWithoutMotionProps<unknown, unknown> & MotionProps & RefAttributes<unknown>'.
app/loudim/page.tsx(220,13): error TS2322: Type '{ children: Element[]; initial: { opacity: number; y: number; }; animate: { opacity: number; y: number; }; transition: { duration: number; delay: number; ease: [number, number, number, number]; }; className: string; }' is not assignable to type 'IntrinsicAttributes & HTMLAttributesWithoutMotionProps<unknown, unknown> & MotionProps & RefAttributes<unknown>'.
  Property 'className' does not exist on type 'IntrinsicAttributes & HTMLAttributesWithoutMotionProps<unknown, unknown> & MotionProps & RefAttributes<unknown>'.
app/loudim/page.tsx(250,11): error TS2322: Type '{ children: Element; initial: { opacity: number; }; animate: { opacity: number; }; transition: { delay: number; }; className: string; }' is not assignable to type 'IntrinsicAttributes & HTMLAttributesWithoutMotionProps<unknown, unknown> & MotionProps & RefAttributes<unknown>'.
  Property 'className' does not exist on type 'IntrinsicAttributes & HTMLAttributesWithoutMotionProps<unknown, unknown> & MotionProps & RefAttributes<unknown>'.
app/loudim/page.tsx(255,13): error TS2322: Type '{ children: Element; animate: { y: [number, number, number]; }; transition: { duration: number; repeat: number; ease: "easeInOut"; }; className: string; }' is not assignable to type 'IntrinsicAttributes & HTMLAttributesWithoutMotionProps<unknown, unknown> & MotionProps & RefAttributes<unknown>'.
  Property 'className' does not exist on type 'IntrinsicAttributes & HTMLAttributesWithoutMotionProps<unknown, unknown> & MotionProps & RefAttributes<unknown>'.
app/loudim/page.tsx(260,15): error TS2322: Type '{ animate: { y: [number, number, number]; }; transition: { duration: number; repeat: number; ease: "easeInOut"; }; className: string; }' is not assignable to type 'IntrinsicAttributes & HTMLAttributesWithoutMotionProps<unknown, unknown> & MotionProps & RefAttributes<unknown>'.
  Property 'className' does not exist on type 'IntrinsicAttributes & HTMLAttributesWithoutMotionProps<unknown, unknown> & MotionProps & RefAttributes<unknown>'.
app/loudim/page.tsx(285,17): error TS2322: Type '{ children: Element[]; key: number; initial: { opacity: number; y: number; }; whileInView: { opacity: number; y: number; }; transition: { duration: number; delay: number; ease: [number, number, number, number]; }; viewport: { ...; }; whileHover: { ...; }; className: string; }' is not assignable to type 'IntrinsicAttributes & HTMLAttributesWithoutMotionProps<unknown, unknown> & MotionProps & RefAttributes<unknown>'.
  Property 'className' does not exist on type 'IntrinsicAttributes & HTMLAttributesWithoutMotionProps<unknown, unknown> & MotionProps & RefAttributes<unknown>'.
app/loudim/page.tsx(306,13): error TS2322: Type '{ children: Element[]; initial: { opacity: number; y: number; }; whileInView: { opacity: number; y: number; }; transition: { duration: number; ease: [number, number, number, number]; }; viewport: { ...; }; className: string; }' is not assignable to type 'IntrinsicAttributes & HTMLAttributesWithoutMotionProps<unknown, unknown> & MotionProps & RefAttributes<unknown>'.
  Property 'className' does not exist on type 'IntrinsicAttributes & HTMLAttributesWithoutMotionProps<unknown, unknown> & MotionProps & RefAttributes<unknown>'.
app/loudim/page.tsx(351,21): error TS2322: Type '{ children: Element; key: string; initial: { opacity: number; y: number; scale: number; }; whileInView: { opacity: number; y: number; scale: number; }; transition: { duration: number; delay: number; ease: [...]; }; viewport: { ...; }; whileHover: { ...; }; className: string; }' is not assignable to type 'IntrinsicAttributes & HTMLAttributesWithoutMotionProps<unknown, unknown> & MotionProps & RefAttributes<unknown>'.
  Property 'className' does not exist on type 'IntrinsicAttributes & HTMLAttributesWithoutMotionProps<unknown, unknown> & MotionProps & RefAttributes<unknown>'.
app/loudim/page.tsx(374,33): error TS2322: Type '{ children: string; className: string; whileHover: { scale: number; }; transition: { duration: number; }; }' is not assignable to type 'IntrinsicAttributes & HTMLAttributesWithoutMotionProps<unknown, unknown> & MotionProps & RefAttributes<unknown>'.
  Property 'className' does not exist on type 'IntrinsicAttributes & HTMLAttributesWithoutMotionProps<unknown, unknown> & MotionProps & RefAttributes<unknown>'.
app/loudim/page.tsx(381,33): error TS2322: Type '{ children: (string | number)[]; className: string; whileHover: { scale: number; }; transition: { duration: number; }; }' is not assignable to type 'IntrinsicAttributes & HTMLAttributesWithoutMotionProps<unknown, unknown> & MotionProps & RefAttributes<unknown>'.
  Property 'className' does not exist on type 'IntrinsicAttributes & HTMLAttributesWithoutMotionProps<unknown, unknown> & MotionProps & RefAttributes<unknown>'.
app/loudim/page.tsx(393,27): error TS2322: Type '{ className: string; whileHover: { scale: number; }; transition: { duration: number; }; }' is not assignable to type 'IntrinsicAttributes & HTMLAttributesWithoutMotionProps<unknown, unknown> & MotionProps & RefAttributes<unknown>'.
  Property 'className' does not exist on type 'IntrinsicAttributes & HTMLAttributesWithoutMotionProps<unknown, unknown> & MotionProps & RefAttributes<unknown>'.
app/loudim/page.tsx(415,13): error TS2322: Type '{ children: Element[]; initial: { opacity: number; y: number; }; whileInView: { opacity: number; y: number; }; transition: { duration: number; ease: [number, number, number, number]; }; viewport: { ...; }; className: string; }' is not assignable to type 'IntrinsicAttributes & HTMLAttributesWithoutMotionProps<unknown, unknown> & MotionProps & RefAttributes<unknown>'.
  Property 'className' does not exist on type 'IntrinsicAttributes & HTMLAttributesWithoutMotionProps<unknown, unknown> & MotionProps & RefAttributes<unknown>'.
app/loudim/page.tsx(468,23): error TS2322: Type '{ children: Element; key: string; initial: { opacity: number; y: number; scale: number; }; whileInView: { opacity: number; y: number; scale: number; }; transition: { duration: number; delay: number; ease: [...]; }; viewport: { ...; }; whileHover: { ...; }; whileTap: { ...; }; className: string; }' is not assignable to type 'IntrinsicAttributes & HTMLAttributesWithoutMotionProps<unknown, unknown> & MotionProps & RefAttributes<unknown>'.
  Property 'className' does not exist on type 'IntrinsicAttributes & HTMLAttributesWithoutMotionProps<unknown, unknown> & MotionProps & RefAttributes<unknown>'.
app/loudim/page.tsx(474,29): error TS2322: Type '{ className: string; initial: { opacity: number; }; whileHover: { opacity: number; }; }' is not assignable to type 'IntrinsicAttributes & HTMLAttributesWithoutMotionProps<unknown, unknown> & MotionProps & RefAttributes<unknown>'.
  Property 'className' does not exist on type 'IntrinsicAttributes & HTMLAttributesWithoutMotionProps<unknown, unknown> & MotionProps & RefAttributes<unknown>'.
app/loudim/page.tsx(484,33): error TS2322: Type '{ children: Element; whileHover: { scale: number; }; transition: { duration: number; ease: "easeOut"; }; className: string; }' is not assignable to type 'IntrinsicAttributes & HTMLAttributesWithoutMotionProps<unknown, unknown> & MotionProps & RefAttributes<unknown>'.
  Property 'className' does not exist on type 'IntrinsicAttributes & HTMLAttributesWithoutMotionProps<unknown, unknown> & MotionProps & RefAttributes<unknown>'.
app/loudim/page.tsx(509,33): error TS2322: Type '{ children: string; className: string; whileHover: { color: string; }; }' is not assignable to type 'IntrinsicAttributes & HTMLAttributesWithoutMotionProps<unknown, unknown> & MotionProps & RefAttributes<unknown>'.
  Property 'className' does not exist on type 'IntrinsicAttributes & HTMLAttributesWithoutMotionProps<unknown, unknown> & MotionProps & RefAttributes<unknown>'.
app/loudim/page.tsx(517,33): error TS2322: Type '{ children: (false | 0 | Element | undefined)[]; className: string; initial: { opacity: number; y: number; }; animate: { opacity: number; y: number; }; transition: { delay: number; duration: number; }; }' is not assignable to type 'IntrinsicAttributes & HTMLAttributesWithoutMotionProps<unknown, unknown> & MotionProps & RefAttributes<unknown>'.
  Property 'className' does not exist on type 'IntrinsicAttributes & HTMLAttributesWithoutMotionProps<unknown, unknown> & MotionProps & RefAttributes<unknown>'.
app/loudim/page.tsx(533,33): error TS2322: Type '{ children: (false | Element | Element[])[]; className: string; initial: { opacity: number; y: number; }; animate: { opacity: number; y: number; }; transition: { delay: number; duration: number; }; }' is not assignable to type 'IntrinsicAttributes & HTMLAttributesWithoutMotionProps<unknown, unknown> & MotionProps & RefAttributes<unknown>'.
  Property 'className' does not exist on type 'IntrinsicAttributes & HTMLAttributesWithoutMotionProps<unknown, unknown> & MotionProps & RefAttributes<unknown>'.
app/loudim/page.tsx(554,33): error TS2322: Type '{ children: Element[]; className: string; initial: { opacity: number; y: number; }; animate: { opacity: number; y: number; }; transition: { delay: number; duration: number; }; }' is not assignable to type 'IntrinsicAttributes & HTMLAttributesWithoutMotionProps<unknown, unknown> & MotionProps & RefAttributes<unknown>'.
  Property 'className' does not exist on type 'IntrinsicAttributes & HTMLAttributesWithoutMotionProps<unknown, unknown> & MotionProps & RefAttributes<unknown>'.
app/loudim/page.tsx(612,17): error TS2322: Type '{ children: Element; initial: { opacity: number; y: number; }; whileInView: { opacity: number; y: number; }; transition: { duration: number; delay: number; }; viewport: { once: true; }; className: string; }' is not assignable to type 'IntrinsicAttributes & HTMLAttributesWithoutMotionProps<unknown, unknown> & MotionProps & RefAttributes<unknown>'.
  Property 'className' does not exist on type 'IntrinsicAttributes & HTMLAttributesWithoutMotionProps<unknown, unknown> & MotionProps & RefAttributes<unknown>'.
app/loudim/products/[slug]/luxury-product-detail.tsx(259,11): error TS2322: Type '{ children: Element; className: string; initial: { opacity: number; y: number; }; animate: { opacity: number; y: number; }; transition: { duration: number; }; }' is not assignable to type 'IntrinsicAttributes & HTMLAttributesWithoutMotionProps<unknown, unknown> & MotionProps & RefAttributes<unknown>'.
  Property 'className' does not exist on type 'IntrinsicAttributes & HTMLAttributesWithoutMotionProps<unknown, unknown> & MotionProps & RefAttributes<unknown>'.
app/loudim/products/[slug]/luxury-product-detail.tsx(292,11): error TS2322: Type '{ children: Element[]; className: string; variants: { hidden: { opacity: number; }; visible: { opacity: number; transition: { duration: number; staggerChildren: number; }; }; }; initial: string; animate: string; }' is not assignable to type 'IntrinsicAttributes & HTMLAttributesWithoutMotionProps<unknown, unknown> & MotionProps & RefAttributes<unknown>'.
  Property 'className' does not exist on type 'IntrinsicAttributes & HTMLAttributesWithoutMotionProps<unknown, unknown> & MotionProps & RefAttributes<unknown>'.
app/loudim/products/[slug]/luxury-product-detail.tsx(300,15): error TS2322: Type '{ children: Element; className: string; variants: { hidden: { opacity: number; y: number; }; visible: { opacity: number; y: number; transition: { duration: number; ease: number[]; }; }; }; }' is not assignable to type 'IntrinsicAttributes & HTMLAttributesWithoutMotionProps<unknown, unknown> & MotionProps & RefAttributes<unknown>'.
  Property 'className' does not exist on type 'IntrinsicAttributes & HTMLAttributesWithoutMotionProps<unknown, unknown> & MotionProps & RefAttributes<unknown>'.
app/loudim/products/[slug]/luxury-product-detail.tsx(306,19): error TS2322: Type '{ children: (false | Element)[]; className: string; variants: { hidden: { opacity: number; scale: number; }; visible: { opacity: number; scale: number; transition: { duration: number; ease: number[]; }; }; }; whileHover: { ...; }; transition: { ...; }; }' is not assignable to type 'IntrinsicAttributes & HTMLAttributesWithoutMotionProps<unknown, unknown> & MotionProps & RefAttributes<unknown>'.
  Property 'className' does not exist on type 'IntrinsicAttributes & HTMLAttributesWithoutMotionProps<unknown, unknown> & MotionProps & RefAttributes<unknown>'.
app/loudim/products/[slug]/luxury-product-detail.tsx(360,21): error TS2322: Type '{ children: Element[]; className: string; variants: { hidden: { opacity: number; y: number; }; visible: { opacity: number; y: number; transition: { duration: number; ease: number[]; }; }; }; }' is not assignable to type 'IntrinsicAttributes & HTMLAttributesWithoutMotionProps<unknown, unknown> & MotionProps & RefAttributes<unknown>'.
  Property 'className' does not exist on type 'IntrinsicAttributes & HTMLAttributesWithoutMotionProps<unknown, unknown> & MotionProps & RefAttributes<unknown>'.
app/loudim/products/[slug]/luxury-product-detail.tsx(366,25): error TS2322: Type '{ children: Element; key: number; className: string; onClick: () => void; whileHover: { scale: number; }; whileTap: { scale: number; }; }' is not assignable to type 'IntrinsicAttributes & HTMLAttributesWithoutMotionProps<unknown, unknown> & MotionProps & RefAttributes<unknown>'.
  Property 'className' does not exist on type 'IntrinsicAttributes & HTMLAttributesWithoutMotionProps<unknown, unknown> & MotionProps & RefAttributes<unknown>'.
app/loudim/products/[slug]/luxury-product-detail.tsx(394,15): error TS2322: Type '{ children: (false | Element)[]; className: string; variants: { hidden: { opacity: number; y: number; }; visible: { opacity: number; y: number; transition: { duration: number; ease: number[]; }; }; }; }' is not assignable to type 'IntrinsicAttributes & HTMLAttributesWithoutMotionProps<unknown, unknown> & MotionProps & RefAttributes<unknown>'.
  Property 'className' does not exist on type 'IntrinsicAttributes & HTMLAttributesWithoutMotionProps<unknown, unknown> & MotionProps & RefAttributes<unknown>'.
app/loudim/products/[slug]/luxury-product-detail.tsx(401,19): error TS2322: Type '{ children: (false | "" | Element | null | undefined)[]; className: string; variants: { hidden: { opacity: number; y: number; }; visible: { opacity: number; y: number; transition: { duration: number; ease: number[]; }; }; }; }' is not assignable to type 'IntrinsicAttributes & HTMLAttributesWithoutMotionProps<unknown, unknown> & MotionProps & RefAttributes<unknown>'.
  Property 'className' does not exist on type 'IntrinsicAttributes & HTMLAttributesWithoutMotionProps<unknown, unknown> & MotionProps & RefAttributes<unknown>'.
app/loudim/products/[slug]/luxury-product-detail.tsx(437,19): error TS2322: Type '{ children: string; className: string; variants: { hidden: { opacity: number; y: number; }; visible: { opacity: number; y: number; transition: { duration: number; ease: number[]; }; }; }; }' is not assignable to type 'IntrinsicAttributes & HTMLAttributesWithoutMotionProps<unknown, unknown> & MotionProps & RefAttributes<unknown>'.
  Property 'className' does not exist on type 'IntrinsicAttributes & HTMLAttributesWithoutMotionProps<unknown, unknown> & MotionProps & RefAttributes<unknown>'.
app/loudim/products/[slug]/luxury-product-detail.tsx(447,17): error TS2322: Type '{ children: Element; className: string; variants: { hidden: { opacity: number; y: number; }; visible: { opacity: number; y: number; transition: { duration: number; ease: number[]; }; }; }; }' is not assignable to type 'IntrinsicAttributes & HTMLAttributesWithoutMotionProps<unknown, unknown> & MotionProps & RefAttributes<unknown>'.
  Property 'className' does not exist on type 'IntrinsicAttributes & HTMLAttributesWithoutMotionProps<unknown, unknown> & MotionProps & RefAttributes<unknown>'.
app/loudim/products/[slug]/luxury-product-detail.tsx(469,17): error TS2322: Type '{ children: Element[]; className: string; variants: { hidden: { opacity: number; y: number; }; visible: { opacity: number; y: number; transition: { duration: number; ease: number[]; }; }; }; }' is not assignable to type 'IntrinsicAttributes & HTMLAttributesWithoutMotionProps<unknown, unknown> & MotionProps & RefAttributes<unknown>'.
  Property 'className' does not exist on type 'IntrinsicAttributes & HTMLAttributesWithoutMotionProps<unknown, unknown> & MotionProps & RefAttributes<unknown>'.
app/loudim/products/[slug]/luxury-product-detail.tsx(483,19): error TS2322: Type '{ children: Element[]; className: string; variants: { hidden: { opacity: number; y: number; }; visible: { opacity: number; y: number; transition: { duration: number; ease: number[]; }; }; }; }' is not assignable to type 'IntrinsicAttributes & HTMLAttributesWithoutMotionProps<unknown, unknown> & MotionProps & RefAttributes<unknown>'.
  Property 'className' does not exist on type 'IntrinsicAttributes & HTMLAttributesWithoutMotionProps<unknown, unknown> & MotionProps & RefAttributes<unknown>'.
app/loudim/products/[slug]/luxury-product-detail.tsx(514,27): error TS2322: Type '{ children: (string | Element)[]; key: string; className: string; onClick: () => void; whileHover: { scale: number; }; whileTap: { scale: number; }; }' is not assignable to type 'IntrinsicAttributes & HTMLAttributesWithoutMotionProps<unknown, unknown> & MotionProps & RefAttributes<unknown>'.
  Property 'className' does not exist on type 'IntrinsicAttributes & HTMLAttributesWithoutMotionProps<unknown, unknown> & MotionProps & RefAttributes<unknown>'.
app/loudim/products/[slug]/luxury-product-detail.tsx(544,19): error TS2322: Type '{ children: Element[]; className: string; variants: { hidden: { opacity: number; y: number; }; visible: { opacity: number; y: number; transition: { duration: number; ease: number[]; }; }; }; }' is not assignable to type 'IntrinsicAttributes & HTMLAttributesWithoutMotionProps<unknown, unknown> & MotionProps & RefAttributes<unknown>'.
  Property 'className' does not exist on type 'IntrinsicAttributes & HTMLAttributesWithoutMotionProps<unknown, unknown> & MotionProps & RefAttributes<unknown>'.
app/loudim/products/[slug]/luxury-product-detail.tsx(577,19): error TS2322: Type '{ children: Element; className: string; variants: { hidden: { opacity: number; y: number; }; visible: { opacity: number; y: number; transition: { duration: number; ease: number[]; }; }; }; }' is not assignable to type 'IntrinsicAttributes & HTMLAttributesWithoutMotionProps<unknown, unknown> & MotionProps & RefAttributes<unknown>'.
  Property 'className' does not exist on type 'IntrinsicAttributes & HTMLAttributesWithoutMotionProps<unknown, unknown> & MotionProps & RefAttributes<unknown>'.
app/loudim/products/[slug]/luxury-product-detail.tsx(624,17): error TS2322: Type '{ children: Element[]; className: string; variants: { hidden: { opacity: number; y: number; }; visible: { opacity: number; y: number; transition: { duration: number; ease: number[]; }; }; }; }' is not assignable to type 'IntrinsicAttributes & HTMLAttributesWithoutMotionProps<unknown, unknown> & MotionProps & RefAttributes<unknown>'.
  Property 'className' does not exist on type 'IntrinsicAttributes & HTMLAttributesWithoutMotionProps<unknown, unknown> & MotionProps & RefAttributes<unknown>'.
app/loudim/products/[slug]/luxury-product-detail.tsx(659,13): error TS2322: Type '{ children: Element; className: string; variants: { hidden: { opacity: number; y: number; }; visible: { opacity: number; y: number; transition: { duration: number; ease: number[]; }; }; }; }' is not assignable to type 'IntrinsicAttributes & HTMLAttributesWithoutMotionProps<unknown, unknown> & MotionProps & RefAttributes<unknown>'.
  Property 'className' does not exist on type 'IntrinsicAttributes & HTMLAttributesWithoutMotionProps<unknown, unknown> & MotionProps & RefAttributes<unknown>'.
app/loudim/products/[slug]/luxury-product-detail.tsx(712,15): error TS2322: Type '{ children: Element; className: string; initial: { opacity: number; }; animate: { opacity: number; }; exit: { opacity: number; }; onClick: () => void; }' is not assignable to type 'IntrinsicAttributes & HTMLAttributesWithoutMotionProps<unknown, unknown> & MotionProps & RefAttributes<unknown>'.
  Property 'className' does not exist on type 'IntrinsicAttributes & HTMLAttributesWithoutMotionProps<unknown, unknown> & MotionProps & RefAttributes<unknown>'.
app/loudim/products/[slug]/luxury-product-detail.tsx(719,17): error TS2322: Type '{ children: (false | Element)[]; className: string; initial: { scale: number; opacity: number; }; animate: { scale: number; opacity: number; }; exit: { scale: number; opacity: number; }; transition: { ...; }; onClick: (e: any) => any; }' is not assignable to type 'IntrinsicAttributes & HTMLAttributesWithoutMotionProps<unknown, unknown> & MotionProps & RefAttributes<unknown>'.
  Property 'className' does not exist on type 'IntrinsicAttributes & HTMLAttributesWithoutMotionProps<unknown, unknown> & MotionProps & RefAttributes<unknown>'.
app/loudim/products/[slug]/luxury-product-detail.tsx(724,27): error TS7006: Parameter 'e' implicitly has an 'any' type.
app/loudim/products/page.tsx(210,9): error TS2322: Type '{ children: Element; initial: { opacity: number; y: number; scale: number; }; animate: { opacity: number; y: number; scale: number; }; transition: { duration: number; delay: number; ease: [number, number, number, number]; }; whileHover: { ...; }; className: string; }' is not assignable to type 'IntrinsicAttributes & HTMLAttributesWithoutMotionProps<unknown, unknown> & MotionProps & RefAttributes<unknown>'.
  Property 'className' does not exist on type 'IntrinsicAttributes & HTMLAttributesWithoutMotionProps<unknown, unknown> & MotionProps & RefAttributes<unknown>'.
app/loudim/products/page.tsx(219,17): error TS2322: Type '{ children: Element; whileHover: { scale: number; }; transition: { duration: number; ease: "easeOut"; }; className: string; }' is not assignable to type 'IntrinsicAttributes & HTMLAttributesWithoutMotionProps<unknown, unknown> & MotionProps & RefAttributes<unknown>'.
  Property 'className' does not exist on type 'IntrinsicAttributes & HTMLAttributesWithoutMotionProps<unknown, unknown> & MotionProps & RefAttributes<unknown>'.
app/loudim/products/page.tsx(423,13): error TS2322: Type '{ children: Element[]; initial: { opacity: number; y: number; }; animate: { opacity: number; y: number; }; transition: { duration: number; }; className: string; }' is not assignable to type 'IntrinsicAttributes & HTMLAttributesWithoutMotionProps<unknown, unknown> & MotionProps & RefAttributes<unknown>'.
  Property 'className' does not exist on type 'IntrinsicAttributes & HTMLAttributesWithoutMotionProps<unknown, unknown> & MotionProps & RefAttributes<unknown>'.
app/order-success/page.tsx(366,13): error TS2322: Type '{ children: Element[]; initial: { opacity: number; y: number; }; animate: { opacity: number; y: number; }; transition: { duration: number; }; className: string; }' is not assignable to type 'IntrinsicAttributes & HTMLAttributesWithoutMotionProps<unknown, unknown> & MotionProps & RefAttributes<unknown>'.
  Property 'className' does not exist on type 'IntrinsicAttributes & HTMLAttributesWithoutMotionProps<unknown, unknown> & MotionProps & RefAttributes<unknown>'.
app/page.tsx(225,21): error TS2322: Type '{ className: string; initial: { scaleX: number; }; whileHover: { scaleX: number; }; transition: { duration: number; ease: "easeInOut"; }; style: { zIndex: number; }; }' is not assignable to type 'IntrinsicAttributes & HTMLAttributesWithoutMotionProps<unknown, unknown> & MotionProps & RefAttributes<unknown>'.
  Property 'className' does not exist on type 'IntrinsicAttributes & HTMLAttributesWithoutMotionProps<unknown, unknown> & MotionProps & RefAttributes<unknown>'.
app/page.tsx(269,11): error TS2322: Type '{ children: Element; initial: { opacity: number; }; animate: { opacity: number; }; transition: { delay: number; duration: number; }; className: string; }' is not assignable to type 'IntrinsicAttributes & HTMLAttributesWithoutMotionProps<unknown, unknown> & MotionProps & RefAttributes<unknown>'.
  Property 'className' does not exist on type 'IntrinsicAttributes & HTMLAttributesWithoutMotionProps<unknown, unknown> & MotionProps & RefAttributes<unknown>'.
app/page.tsx(274,13): error TS2322: Type '{ children: Element; animate: { y: [number, number, number]; }; transition: { duration: number; repeat: number; }; className: string; }' is not assignable to type 'IntrinsicAttributes & HTMLAttributesWithoutMotionProps<unknown, unknown> & MotionProps & RefAttributes<unknown>'.
  Property 'className' does not exist on type 'IntrinsicAttributes & HTMLAttributesWithoutMotionProps<unknown, unknown> & MotionProps & RefAttributes<unknown>'.
app/page.tsx(279,15): error TS2322: Type '{ animate: { y: [number, number, number]; }; transition: { duration: number; repeat: number; }; className: string; }' is not assignable to type 'IntrinsicAttributes & HTMLAttributesWithoutMotionProps<unknown, unknown> & MotionProps & RefAttributes<unknown>'.
  Property 'className' does not exist on type 'IntrinsicAttributes & HTMLAttributesWithoutMotionProps<unknown, unknown> & MotionProps & RefAttributes<unknown>'.
app/page.tsx(296,15): error TS2322: Type '{ children: Element[]; initial: { opacity: number; x: number; }; whileInView: { opacity: number; x: number; }; transition: { duration: number; }; viewport: { once: true; }; className: string; }' is not assignable to type 'IntrinsicAttributes & HTMLAttributesWithoutMotionProps<unknown, unknown> & MotionProps & RefAttributes<unknown>'.
  Property 'className' does not exist on type 'IntrinsicAttributes & HTMLAttributesWithoutMotionProps<unknown, unknown> & MotionProps & RefAttributes<unknown>'.
app/page.tsx(303,17): error TS2322: Type '{ children: string; initial: { opacity: number; y: number; }; whileInView: { opacity: number; y: number; }; transition: { duration: number; delay: number; }; viewport: { once: true; }; className: string; }' is not assignable to type 'IntrinsicAttributes & HTMLAttributesWithoutMotionProps<unknown, unknown> & MotionProps & RefAttributes<unknown>'.
  Property 'className' does not exist on type 'IntrinsicAttributes & HTMLAttributesWithoutMotionProps<unknown, unknown> & MotionProps & RefAttributes<unknown>'.
app/page.tsx(313,17): error TS2322: Type '{ children: string; initial: { opacity: number; y: number; }; whileInView: { opacity: number; y: number; }; transition: { duration: number; delay: number; }; viewport: { once: true; }; className: string; }' is not assignable to type 'IntrinsicAttributes & HTMLAttributesWithoutMotionProps<unknown, unknown> & MotionProps & RefAttributes<unknown>'.
  Property 'className' does not exist on type 'IntrinsicAttributes & HTMLAttributesWithoutMotionProps<unknown, unknown> & MotionProps & RefAttributes<unknown>'.
app/page.tsx(323,17): error TS2322: Type '{ children: string; initial: { opacity: number; y: number; }; whileInView: { opacity: number; y: number; }; transition: { duration: number; delay: number; }; viewport: { once: true; }; className: string; }' is not assignable to type 'IntrinsicAttributes & HTMLAttributesWithoutMotionProps<unknown, unknown> & MotionProps & RefAttributes<unknown>'.
  Property 'className' does not exist on type 'IntrinsicAttributes & HTMLAttributesWithoutMotionProps<unknown, unknown> & MotionProps & RefAttributes<unknown>'.
app/page.tsx(336,17): error TS2322: Type '{ children: string; initial: { opacity: number; y: number; }; whileInView: { opacity: number; y: number; }; transition: { duration: number; delay: number; }; viewport: { once: true; }; className: string; }' is not assignable to type 'IntrinsicAttributes & HTMLAttributesWithoutMotionProps<unknown, unknown> & MotionProps & RefAttributes<unknown>'.
  Property 'className' does not exist on type 'IntrinsicAttributes & HTMLAttributesWithoutMotionProps<unknown, unknown> & MotionProps & RefAttributes<unknown>'.
app/page.tsx(349,17): error TS2322: Type '{ children: Element[]; initial: { opacity: number; y: number; }; whileInView: { opacity: number; y: number; }; transition: { duration: number; delay: number; }; viewport: { once: true; }; className: string; }' is not assignable to type 'IntrinsicAttributes & HTMLAttributesWithoutMotionProps<unknown, unknown> & MotionProps & RefAttributes<unknown>'.
  Property 'className' does not exist on type 'IntrinsicAttributes & HTMLAttributesWithoutMotionProps<unknown, unknown> & MotionProps & RefAttributes<unknown>'.
app/page.tsx(370,17): error TS2322: Type '{ children: string; initial: { opacity: number; y: number; }; whileInView: { opacity: number; y: number; }; transition: { duration: number; delay: number; }; viewport: { once: true; }; className: string; }' is not assignable to type 'IntrinsicAttributes & HTMLAttributesWithoutMotionProps<unknown, unknown> & MotionProps & RefAttributes<unknown>'.
  Property 'className' does not exist on type 'IntrinsicAttributes & HTMLAttributesWithoutMotionProps<unknown, unknown> & MotionProps & RefAttributes<unknown>'.
app/page.tsx(385,19): error TS2322: Type '{ children: Element[]; initial: { opacity: number; y: number; }; whileInView: { opacity: number; y: number; }; transition: { duration: number; delay: number; }; viewport: { once: true; }; className: string; }' is not assignable to type 'IntrinsicAttributes & HTMLAttributesWithoutMotionProps<unknown, unknown> & MotionProps & RefAttributes<unknown>'.
  Property 'className' does not exist on type 'IntrinsicAttributes & HTMLAttributesWithoutMotionProps<unknown, unknown> & MotionProps & RefAttributes<unknown>'.
app/page.tsx(400,19): error TS2322: Type '{ children: Element[]; initial: { opacity: number; y: number; }; whileInView: { opacity: number; y: number; }; transition: { duration: number; delay: number; }; viewport: { once: true; }; className: string; }' is not assignable to type 'IntrinsicAttributes & HTMLAttributesWithoutMotionProps<unknown, unknown> & MotionProps & RefAttributes<unknown>'.
  Property 'className' does not exist on type 'IntrinsicAttributes & HTMLAttributesWithoutMotionProps<unknown, unknown> & MotionProps & RefAttributes<unknown>'.
app/page.tsx(418,15): error TS2322: Type '{ children: Element; initial: { opacity: number; x: number; }; whileInView: { opacity: number; x: number; }; transition: { duration: number; delay: number; }; viewport: { once: true; }; className: string; }' is not assignable to type 'IntrinsicAttributes & HTMLAttributesWithoutMotionProps<unknown, unknown> & MotionProps & RefAttributes<unknown>'.
  Property 'className' does not exist on type 'IntrinsicAttributes & HTMLAttributesWithoutMotionProps<unknown, unknown> & MotionProps & RefAttributes<unknown>'.
app/page.tsx(436,19): error TS2322: Type '{ children: string[]; initial: { scale: number; opacity: number; }; whileInView: { scale: number; opacity: number; }; transition: { duration: number; delay: number; }; viewport: { once: true; }; className: string; }' is not assignable to type 'IntrinsicAttributes & HTMLAttributesWithoutMotionProps<unknown, unknown> & MotionProps & RefAttributes<unknown>'.
  Property 'className' does not exist on type 'IntrinsicAttributes & HTMLAttributesWithoutMotionProps<unknown, unknown> & MotionProps & RefAttributes<unknown>'.
app/page.tsx(454,13): error TS2322: Type '{ children: string; initial: { opacity: number; y: number; }; whileInView: { opacity: number; y: number; }; transition: { duration: number; }; viewport: { once: true; }; className: string; }' is not assignable to type 'IntrinsicAttributes & HTMLAttributesWithoutMotionProps<unknown, unknown> & MotionProps & RefAttributes<unknown>'.
  Property 'className' does not exist on type 'IntrinsicAttributes & HTMLAttributesWithoutMotionProps<unknown, unknown> & MotionProps & RefAttributes<unknown>'.
app/page.tsx(465,15): error TS2322: Type '{ children: Element; initial: { opacity: number; x: number; }; whileInView: { opacity: number; x: number; }; transition: { duration: number; }; viewport: { once: true; }; className: string; }' is not assignable to type 'IntrinsicAttributes & HTMLAttributesWithoutMotionProps<unknown, unknown> & MotionProps & RefAttributes<unknown>'.
  Property 'className' does not exist on type 'IntrinsicAttributes & HTMLAttributesWithoutMotionProps<unknown, unknown> & MotionProps & RefAttributes<unknown>'.
app/page.tsx(484,15): error TS2322: Type '{ children: Element[]; initial: { opacity: number; x: number; }; whileInView: { opacity: number; x: number; }; transition: { duration: number; }; viewport: { once: true; }; className: string; }' is not assignable to type 'IntrinsicAttributes & HTMLAttributesWithoutMotionProps<unknown, unknown> & MotionProps & RefAttributes<unknown>'.
  Property 'className' does not exist on type 'IntrinsicAttributes & HTMLAttributesWithoutMotionProps<unknown, unknown> & MotionProps & RefAttributes<unknown>'.
app/page.tsx(542,13): error TS2322: Type '{ children: Element[]; initial: { opacity: number; y: number; }; whileInView: { opacity: number; y: number; }; transition: { duration: number; }; viewport: { once: true; amount: number; }; className: string; }' is not assignable to type 'IntrinsicAttributes & HTMLAttributesWithoutMotionProps<unknown, unknown> & MotionProps & RefAttributes<unknown>'.
  Property 'className' does not exist on type 'IntrinsicAttributes & HTMLAttributesWithoutMotionProps<unknown, unknown> & MotionProps & RefAttributes<unknown>'.
app/page.tsx(563,15): error TS2322: Type '{ children: Element[]; initial: { opacity: number; y: number; }; whileInView: { opacity: number; y: number; }; transition: { duration: number; delay: number; }; viewport: { once: true; amount: number; }; className: string; }' is not assignable to type 'IntrinsicAttributes & HTMLAttributesWithoutMotionProps<unknown, unknown> & MotionProps & RefAttributes<unknown>'.
  Property 'className' does not exist on type 'IntrinsicAttributes & HTMLAttributesWithoutMotionProps<unknown, unknown> & MotionProps & RefAttributes<unknown>'.
app/page.tsx(569,17): error TS2322: Type '{ children: Element[]; whileHover: { y: number; }; transition: { duration: number; }; className: string; }' is not assignable to type 'IntrinsicAttributes & HTMLAttributesWithoutMotionProps<unknown, unknown> & MotionProps & RefAttributes<unknown>'.
  Property 'className' does not exist on type 'IntrinsicAttributes & HTMLAttributesWithoutMotionProps<unknown, unknown> & MotionProps & RefAttributes<unknown>'.
app/page.tsx(602,23): error TS2322: Type '{ children: (string | Element)[]; key: number; initial: { opacity: number; x: number; }; whileInView: { opacity: number; x: number; }; transition: { duration: number; delay: number; }; viewport: { ...; }; className: string; }' is not assignable to type 'IntrinsicAttributes & HTMLAttributesWithoutMotionProps<unknown, unknown> & MotionProps & RefAttributes<unknown>'.
  Property 'className' does not exist on type 'IntrinsicAttributes & HTMLAttributesWithoutMotionProps<unknown, unknown> & MotionProps & RefAttributes<unknown>'.
app/page.tsx(628,17): error TS2322: Type '{ children: Element; whileHover: { scale: number; }; transition: { duration: number; }; className: string; }' is not assignable to type 'IntrinsicAttributes & HTMLAttributesWithoutMotionProps<unknown, unknown> & MotionProps & RefAttributes<unknown>'.
  Property 'className' does not exist on type 'IntrinsicAttributes & HTMLAttributesWithoutMotionProps<unknown, unknown> & MotionProps & RefAttributes<unknown>'.
app/page.tsx(645,21): error TS2322: Type '{ children: Element; initial: { scale: number; }; whileInView: { scale: number; }; transition: { duration: number; delay: number; }; viewport: { once: true; }; className: string; }' is not assignable to type 'IntrinsicAttributes & HTMLAttributesWithoutMotionProps<unknown, unknown> & MotionProps & RefAttributes<unknown>'.
  Property 'className' does not exist on type 'IntrinsicAttributes & HTMLAttributesWithoutMotionProps<unknown, unknown> & MotionProps & RefAttributes<unknown>'.
app/page.tsx(659,15): error TS2322: Type '{ children: Element[]; initial: { opacity: number; y: number; }; whileInView: { opacity: number; y: number; }; transition: { duration: number; delay: number; }; viewport: { once: true; amount: number; }; className: string; }' is not assignable to type 'IntrinsicAttributes & HTMLAttributesWithoutMotionProps<unknown, unknown> & MotionProps & RefAttributes<unknown>'.
  Property 'className' does not exist on type 'IntrinsicAttributes & HTMLAttributesWithoutMotionProps<unknown, unknown> & MotionProps & RefAttributes<unknown>'.
app/page.tsx(665,17): error TS2322: Type '{ children: Element; whileHover: { scale: number; }; transition: { duration: number; }; className: string; }' is not assignable to type 'IntrinsicAttributes & HTMLAttributesWithoutMotionProps<unknown, unknown> & MotionProps & RefAttributes<unknown>'.
  Property 'className' does not exist on type 'IntrinsicAttributes & HTMLAttributesWithoutMotionProps<unknown, unknown> & MotionProps & RefAttributes<unknown>'.
app/page.tsx(682,21): error TS2322: Type '{ children: Element; initial: { scale: number; }; whileInView: { scale: number; }; transition: { duration: number; delay: number; }; viewport: { once: true; }; className: string; }' is not assignable to type 'IntrinsicAttributes & HTMLAttributesWithoutMotionProps<unknown, unknown> & MotionProps & RefAttributes<unknown>'.
  Property 'className' does not exist on type 'IntrinsicAttributes & HTMLAttributesWithoutMotionProps<unknown, unknown> & MotionProps & RefAttributes<unknown>'.
app/page.tsx(693,17): error TS2322: Type '{ children: Element[]; whileHover: { y: number; }; transition: { duration: number; }; className: string; }' is not assignable to type 'IntrinsicAttributes & HTMLAttributesWithoutMotionProps<unknown, unknown> & MotionProps & RefAttributes<unknown>'.
  Property 'className' does not exist on type 'IntrinsicAttributes & HTMLAttributesWithoutMotionProps<unknown, unknown> & MotionProps & RefAttributes<unknown>'.
app/page.tsx(726,23): error TS2322: Type '{ children: (string | Element)[]; key: number; initial: { opacity: number; x: number; }; whileInView: { opacity: number; x: number; }; transition: { duration: number; delay: number; }; viewport: { ...; }; className: string; }' is not assignable to type 'IntrinsicAttributes & HTMLAttributesWithoutMotionProps<unknown, unknown> & MotionProps & RefAttributes<unknown>'.
  Property 'className' does not exist on type 'IntrinsicAttributes & HTMLAttributesWithoutMotionProps<unknown, unknown> & MotionProps & RefAttributes<unknown>'.
app/page.tsx(761,13): error TS2322: Type '{ children: Element[]; initial: { opacity: number; y: number; }; whileInView: { opacity: number; y: number; }; transition: { duration: number; }; viewport: { once: true; }; className: string; }' is not assignable to type 'IntrinsicAttributes & HTMLAttributesWithoutMotionProps<unknown, unknown> & MotionProps & RefAttributes<unknown>'.
  Property 'className' does not exist on type 'IntrinsicAttributes & HTMLAttributesWithoutMotionProps<unknown, unknown> & MotionProps & RefAttributes<unknown>'.
app/page.tsx(803,17): error TS2322: Type '{ children: Element[]; key: number; initial: { opacity: number; y: number; }; whileInView: { opacity: number; y: number; }; transition: { duration: number; delay: number; }; viewport: { once: true; }; className: string; }' is not assignable to type 'IntrinsicAttributes & HTMLAttributesWithoutMotionProps<unknown, unknown> & MotionProps & RefAttributes<unknown>'.
  Property 'className' does not exist on type 'IntrinsicAttributes & HTMLAttributesWithoutMotionProps<unknown, unknown> & MotionProps & RefAttributes<unknown>'.
app/products/[slug]/luxury-product-detail.tsx(277,9): error TS2322: Type '{ children: Element; className: string; initial: { opacity: number; y: number; }; animate: { opacity: number; y: number; }; transition: { duration: number; }; }' is not assignable to type 'IntrinsicAttributes & HTMLAttributesWithoutMotionProps<unknown, unknown> & MotionProps & RefAttributes<unknown>'.
  Property 'className' does not exist on type 'IntrinsicAttributes & HTMLAttributesWithoutMotionProps<unknown, unknown> & MotionProps & RefAttributes<unknown>'.
app/products/[slug]/luxury-product-detail.tsx(310,9): error TS2322: Type '{ children: Element[]; className: string; variants: { hidden: { opacity: number; }; visible: { opacity: number; transition: { duration: number; staggerChildren: number; }; }; }; initial: string; animate: string; }' is not assignable to type 'IntrinsicAttributes & HTMLAttributesWithoutMotionProps<unknown, unknown> & MotionProps & RefAttributes<unknown>'.
  Property 'className' does not exist on type 'IntrinsicAttributes & HTMLAttributesWithoutMotionProps<unknown, unknown> & MotionProps & RefAttributes<unknown>'.
app/products/[slug]/luxury-product-detail.tsx(318,13): error TS2322: Type '{ children: Element; className: string; variants: { hidden: { opacity: number; y: number; }; visible: { opacity: number; y: number; transition: { duration: number; ease: number[]; }; }; }; }' is not assignable to type 'IntrinsicAttributes & HTMLAttributesWithoutMotionProps<unknown, unknown> & MotionProps & RefAttributes<unknown>'.
  Property 'className' does not exist on type 'IntrinsicAttributes & HTMLAttributesWithoutMotionProps<unknown, unknown> & MotionProps & RefAttributes<unknown>'.
app/products/[slug]/luxury-product-detail.tsx(324,17): error TS2322: Type '{ children: (false | Element)[]; className: string; variants: { hidden: { opacity: number; scale: number; }; visible: { opacity: number; scale: number; transition: { duration: number; ease: number[]; }; }; }; whileHover: { ...; }; transition: { ...; }; }' is not assignable to type 'IntrinsicAttributes & HTMLAttributesWithoutMotionProps<unknown, unknown> & MotionProps & RefAttributes<unknown>'.
  Property 'className' does not exist on type 'IntrinsicAttributes & HTMLAttributesWithoutMotionProps<unknown, unknown> & MotionProps & RefAttributes<unknown>'.
app/products/[slug]/luxury-product-detail.tsx(378,19): error TS2322: Type '{ children: Element[]; className: string; variants: { hidden: { opacity: number; y: number; }; visible: { opacity: number; y: number; transition: { duration: number; ease: number[]; }; }; }; }' is not assignable to type 'IntrinsicAttributes & HTMLAttributesWithoutMotionProps<unknown, unknown> & MotionProps & RefAttributes<unknown>'.
  Property 'className' does not exist on type 'IntrinsicAttributes & HTMLAttributesWithoutMotionProps<unknown, unknown> & MotionProps & RefAttributes<unknown>'.
app/products/[slug]/luxury-product-detail.tsx(384,23): error TS2322: Type '{ children: Element; key: number; className: string; onClick: () => void; whileHover: { scale: number; }; whileTap: { scale: number; }; }' is not assignable to type 'IntrinsicAttributes & HTMLAttributesWithoutMotionProps<unknown, unknown> & MotionProps & RefAttributes<unknown>'.
  Property 'className' does not exist on type 'IntrinsicAttributes & HTMLAttributesWithoutMotionProps<unknown, unknown> & MotionProps & RefAttributes<unknown>'.
app/products/[slug]/luxury-product-detail.tsx(412,13): error TS2322: Type '{ children: (false | Element)[]; className: string; variants: { hidden: { opacity: number; y: number; }; visible: { opacity: number; y: number; transition: { duration: number; ease: number[]; }; }; }; }' is not assignable to type 'IntrinsicAttributes & HTMLAttributesWithoutMotionProps<unknown, unknown> & MotionProps & RefAttributes<unknown>'.
  Property 'className' does not exist on type 'IntrinsicAttributes & HTMLAttributesWithoutMotionProps<unknown, unknown> & MotionProps & RefAttributes<unknown>'.
app/products/[slug]/luxury-product-detail.tsx(419,17): error TS2322: Type '{ children: (false | Element | undefined)[]; className: string; variants: { hidden: { opacity: number; y: number; }; visible: { opacity: number; y: number; transition: { duration: number; ease: number[]; }; }; }; }' is not assignable to type 'IntrinsicAttributes & HTMLAttributesWithoutMotionProps<unknown, unknown> & MotionProps & RefAttributes<unknown>'.
  Property 'className' does not exist on type 'IntrinsicAttributes & HTMLAttributesWithoutMotionProps<unknown, unknown> & MotionProps & RefAttributes<unknown>'.
app/products/[slug]/luxury-product-detail.tsx(449,17): error TS2322: Type '{ children: string; className: string; variants: { hidden: { opacity: number; y: number; }; visible: { opacity: number; y: number; transition: { duration: number; ease: number[]; }; }; }; }' is not assignable to type 'IntrinsicAttributes & HTMLAttributesWithoutMotionProps<unknown, unknown> & MotionProps & RefAttributes<unknown>'.
  Property 'className' does not exist on type 'IntrinsicAttributes & HTMLAttributesWithoutMotionProps<unknown, unknown> & MotionProps & RefAttributes<unknown>'.
app/products/[slug]/luxury-product-detail.tsx(459,15): error TS2322: Type '{ children: Element; className: string; variants: { hidden: { opacity: number; y: number; }; visible: { opacity: number; y: number; transition: { duration: number; ease: number[]; }; }; }; }' is not assignable to type 'IntrinsicAttributes & HTMLAttributesWithoutMotionProps<unknown, unknown> & MotionProps & RefAttributes<unknown>'.
  Property 'className' does not exist on type 'IntrinsicAttributes & HTMLAttributesWithoutMotionProps<unknown, unknown> & MotionProps & RefAttributes<unknown>'.
app/products/[slug]/luxury-product-detail.tsx(481,15): error TS2322: Type '{ children: Element[]; className: string; variants: { hidden: { opacity: number; y: number; }; visible: { opacity: number; y: number; transition: { duration: number; ease: number[]; }; }; }; }' is not assignable to type 'IntrinsicAttributes & HTMLAttributesWithoutMotionProps<unknown, unknown> & MotionProps & RefAttributes<unknown>'.
  Property 'className' does not exist on type 'IntrinsicAttributes & HTMLAttributesWithoutMotionProps<unknown, unknown> & MotionProps & RefAttributes<unknown>'.
app/products/[slug]/luxury-product-detail.tsx(495,17): error TS2322: Type '{ children: Element[]; className: string; variants: { hidden: { opacity: number; y: number; }; visible: { opacity: number; y: number; transition: { duration: number; ease: number[]; }; }; }; }' is not assignable to type 'IntrinsicAttributes & HTMLAttributesWithoutMotionProps<unknown, unknown> & MotionProps & RefAttributes<unknown>'.
  Property 'className' does not exist on type 'IntrinsicAttributes & HTMLAttributesWithoutMotionProps<unknown, unknown> & MotionProps & RefAttributes<unknown>'.
app/products/[slug]/luxury-product-detail.tsx(505,23): error TS2322: Type '{ children: (string | Element)[]; key: string; className: string; onClick: () => void; whileHover: { scale: number; }; whileTap: { scale: number; }; }' is not assignable to type 'IntrinsicAttributes & HTMLAttributesWithoutMotionProps<unknown, unknown> & MotionProps & RefAttributes<unknown>'.
  Property 'className' does not exist on type 'IntrinsicAttributes & HTMLAttributesWithoutMotionProps<unknown, unknown> & MotionProps & RefAttributes<unknown>'.
app/products/[slug]/luxury-product-detail.tsx(533,17): error TS2322: Type '{ children: Element[]; className: string; variants: { hidden: { opacity: number; y: number; }; visible: { opacity: number; y: number; transition: { duration: number; ease: number[]; }; }; }; }' is not assignable to type 'IntrinsicAttributes & HTMLAttributesWithoutMotionProps<unknown, unknown> & MotionProps & RefAttributes<unknown>'.
  Property 'className' does not exist on type 'IntrinsicAttributes & HTMLAttributesWithoutMotionProps<unknown, unknown> & MotionProps & RefAttributes<unknown>'.
app/products/[slug]/luxury-product-detail.tsx(566,17): error TS2322: Type '{ children: Element; className: string; variants: { hidden: { opacity: number; y: number; }; visible: { opacity: number; y: number; transition: { duration: number; ease: number[]; }; }; }; }' is not assignable to type 'IntrinsicAttributes & HTMLAttributesWithoutMotionProps<unknown, unknown> & MotionProps & RefAttributes<unknown>'.
  Property 'className' does not exist on type 'IntrinsicAttributes & HTMLAttributesWithoutMotionProps<unknown, unknown> & MotionProps & RefAttributes<unknown>'.
app/products/[slug]/luxury-product-detail.tsx(614,15): error TS2322: Type '{ children: Element[]; className: string; variants: { hidden: { opacity: number; y: number; }; visible: { opacity: number; y: number; transition: { duration: number; ease: number[]; }; }; }; }' is not assignable to type 'IntrinsicAttributes & HTMLAttributesWithoutMotionProps<unknown, unknown> & MotionProps & RefAttributes<unknown>'.
  Property 'className' does not exist on type 'IntrinsicAttributes & HTMLAttributesWithoutMotionProps<unknown, unknown> & MotionProps & RefAttributes<unknown>'.
app/products/[slug]/luxury-product-detail.tsx(649,11): error TS2322: Type '{ children: Element; className: string; variants: { hidden: { opacity: number; y: number; }; visible: { opacity: number; y: number; transition: { duration: number; ease: number[]; }; }; }; }' is not assignable to type 'IntrinsicAttributes & HTMLAttributesWithoutMotionProps<unknown, unknown> & MotionProps & RefAttributes<unknown>'.
  Property 'className' does not exist on type 'IntrinsicAttributes & HTMLAttributesWithoutMotionProps<unknown, unknown> & MotionProps & RefAttributes<unknown>'.
app/products/[slug]/luxury-product-detail.tsx(702,13): error TS2322: Type '{ children: Element; className: string; initial: { opacity: number; }; animate: { opacity: number; }; exit: { opacity: number; }; onClick: () => void; }' is not assignable to type 'IntrinsicAttributes & HTMLAttributesWithoutMotionProps<unknown, unknown> & MotionProps & RefAttributes<unknown>'.
  Property 'className' does not exist on type 'IntrinsicAttributes & HTMLAttributesWithoutMotionProps<unknown, unknown> & MotionProps & RefAttributes<unknown>'.
app/products/[slug]/luxury-product-detail.tsx(709,15): error TS2322: Type '{ children: (false | Element)[]; className: string; initial: { scale: number; opacity: number; }; animate: { scale: number; opacity: number; }; exit: { scale: number; opacity: number; }; transition: { ...; }; onClick: (e: any) => any; }' is not assignable to type 'IntrinsicAttributes & HTMLAttributesWithoutMotionProps<unknown, unknown> & MotionProps & RefAttributes<unknown>'.
  Property 'className' does not exist on type 'IntrinsicAttributes & HTMLAttributesWithoutMotionProps<unknown, unknown> & MotionProps & RefAttributes<unknown>'.
app/products/[slug]/luxury-product-detail.tsx(714,25): error TS7006: Parameter 'e' implicitly has an 'any' type.
app/products/page.tsx(167,9): error TS2322: Type '{ children: Element; initial: { opacity: number; y: number; scale: number; }; animate: { opacity: number; y: number; scale: number; }; transition: { duration: number; delay: number; ease: [number, number, number, number]; }; whileHover: { ...; }; className: string; }' is not assignable to type 'IntrinsicAttributes & HTMLAttributesWithoutMotionProps<unknown, unknown> & MotionProps & RefAttributes<unknown>'.
  Property 'className' does not exist on type 'IntrinsicAttributes & HTMLAttributesWithoutMotionProps<unknown, unknown> & MotionProps & RefAttributes<unknown>'.
app/products/page.tsx(176,17): error TS2322: Type '{ children: Element; whileHover: { scale: number; }; transition: { duration: number; ease: "easeOut"; }; className: string; }' is not assignable to type 'IntrinsicAttributes & HTMLAttributesWithoutMotionProps<unknown, unknown> & MotionProps & RefAttributes<unknown>'.
  Property 'className' does not exist on type 'IntrinsicAttributes & HTMLAttributesWithoutMotionProps<unknown, unknown> & MotionProps & RefAttributes<unknown>'.
app/products/page.tsx(405,13): error TS2322: Type '{ children: Element[]; initial: { opacity: number; y: number; }; animate: { opacity: number; y: number; }; transition: { duration: number; ease: [number, number, number, number]; }; className: string; }' is not assignable to type 'IntrinsicAttributes & HTMLAttributesWithoutMotionProps<unknown, unknown> & MotionProps & RefAttributes<unknown>'.
  Property 'className' does not exist on type 'IntrinsicAttributes & HTMLAttributesWithoutMotionProps<unknown, unknown> & MotionProps & RefAttributes<unknown>'.
app/track-order/page.tsx(20,15): error TS2322: Type '{ children: Element[]; initial: { opacity: number; y: number; }; animate: { opacity: number; y: number; }; className: string; }' is not assignable to type 'IntrinsicAttributes & HTMLAttributesWithoutMotionProps<unknown, unknown> & MotionProps & RefAttributes<unknown>'.
  Property 'className' does not exist on type 'IntrinsicAttributes & HTMLAttributesWithoutMotionProps<unknown, unknown> & MotionProps & RefAttributes<unknown>'.
app/wishlist/page.tsx(206,15): error TS2322: Type '{ children: Element[]; initial: { opacity: number; y: number; }; animate: { opacity: number; y: number; }; className: string; }' is not assignable to type 'IntrinsicAttributes & HTMLAttributesWithoutMotionProps<unknown, unknown> & MotionProps & RefAttributes<unknown>'.
  Property 'className' does not exist on type 'IntrinsicAttributes & HTMLAttributesWithoutMotionProps<unknown, unknown> & MotionProps & RefAttributes<unknown>'.
app/wishlist/page.tsx(225,15): error TS2322: Type '{ children: Element[]; initial: { opacity: number; y: number; }; animate: { opacity: number; y: number; }; className: string; }' is not assignable to type 'IntrinsicAttributes & HTMLAttributesWithoutMotionProps<unknown, unknown> & MotionProps & RefAttributes<unknown>'.
  Property 'className' does not exist on type 'IntrinsicAttributes & HTMLAttributesWithoutMotionProps<unknown, unknown> & MotionProps & RefAttributes<unknown>'.
app/wishlist/page.tsx(297,19): error TS2322: Type '{ children: Element[]; initial: { opacity: number; y: number; }; whileInView: { opacity: number; y: number; }; transition: { duration: number; }; viewport: { once: true; }; className: string; }' is not assignable to type 'IntrinsicAttributes & HTMLAttributesWithoutMotionProps<unknown, unknown> & MotionProps & RefAttributes<unknown>'.
  Property 'className' does not exist on type 'IntrinsicAttributes & HTMLAttributesWithoutMotionProps<unknown, unknown> & MotionProps & RefAttributes<unknown>'.
components/admin/dashboards/delivery-agent-dashboard.tsx(1642,35): error TS2322: Type '{ children: Element[]; className: string; initial: { scale: number; }; animate: { scale: [number, number, number]; boxShadow: ["0 0 0px rgba(251, 146, 60, 0.4)", "0 0 10px rgba(251, 146, 60, 0.6)", "0 0 0px rgba(251, 146, 60, 0.4)"]; }; transition: { ...; }; }' is not assignable to type 'IntrinsicAttributes & HTMLAttributesWithoutMotionProps<unknown, unknown> & MotionProps & RefAttributes<unknown>'.
  Property 'className' does not exist on type 'IntrinsicAttributes & HTMLAttributesWithoutMotionProps<unknown, unknown> & MotionProps & RefAttributes<unknown>'.
components/cart-sheet.tsx(70,17): error TS2322: Type '{ children: Element[]; key: string; initial: { opacity: number; x: number; }; animate: { opacity: number; x: number; }; exit: { opacity: number; x: number; }; className: string; }' is not assignable to type 'IntrinsicAttributes & HTMLAttributesWithoutMotionProps<unknown, unknown> & MotionProps & RefAttributes<unknown>'.
  Property 'className' does not exist on type 'IntrinsicAttributes & HTMLAttributesWithoutMotionProps<unknown, unknown> & MotionProps & RefAttributes<unknown>'.
components/loud-styles-navbar.tsx(112,9): error TS2322: Type '{ children: Element; initial: { y: number; }; animate: { y: number; }; transition: { duration: number; ease: [number, number, number, number]; }; className: string; dir: string; }' is not assignable to type 'IntrinsicAttributes & HTMLAttributesWithoutMotionProps<unknown, unknown> & MotionProps & RefAttributes<unknown>'.
  Property 'className' does not exist on type 'IntrinsicAttributes & HTMLAttributesWithoutMotionProps<unknown, unknown> & MotionProps & RefAttributes<unknown>'.
components/loud-styles-navbar.tsx(124,19): error TS2322: Type '{ children: Element; className: string; whileHover: { scale: number; }; transition: { duration: number; ease: "easeOut"; }; }' is not assignable to type 'IntrinsicAttributes & HTMLAttributesWithoutMotionProps<unknown, unknown> & MotionProps & RefAttributes<unknown>'.
  Property 'className' does not exist on type 'IntrinsicAttributes & HTMLAttributesWithoutMotionProps<unknown, unknown> & MotionProps & RefAttributes<unknown>'.
components/loud-styles-navbar.tsx(134,27): error TS2322: Type '{ className: string; initial: { scaleX: number; }; whileHover: { scaleX: number; }; transition: { duration: number; ease: "easeInOut"; }; style: { zIndex: number; }; }' is not assignable to type 'IntrinsicAttributes & HTMLAttributesWithoutMotionProps<unknown, unknown> & MotionProps & RefAttributes<unknown>'.
  Property 'className' does not exist on type 'IntrinsicAttributes & HTMLAttributesWithoutMotionProps<unknown, unknown> & MotionProps & RefAttributes<unknown>'.
components/loud-styles-navbar.tsx(332,17): error TS2322: Type '{ children: Element; initial: { opacity: number; height: number; }; animate: { opacity: number; height: string; }; exit: { opacity: number; height: number; }; className: string; }' is not assignable to type 'IntrinsicAttributes & HTMLAttributesWithoutMotionProps<unknown, unknown> & MotionProps & RefAttributes<unknown>'.
  Property 'className' does not exist on type 'IntrinsicAttributes & HTMLAttributesWithoutMotionProps<unknown, unknown> & MotionProps & RefAttributes<unknown>'.
components/navbar.tsx(157,9): error TS2322: Type '{ children: Element; initial: { y: number; }; animate: { y: number; }; transition: { duration: number; ease: [number, number, number, number]; }; className: string; dir: string; }' is not assignable to type 'IntrinsicAttributes & HTMLAttributesWithoutMotionProps<unknown, unknown> & MotionProps & RefAttributes<unknown>'.
  Property 'className' does not exist on type 'IntrinsicAttributes & HTMLAttributesWithoutMotionProps<unknown, unknown> & MotionProps & RefAttributes<unknown>'.
components/navbar.tsx(169,19): error TS2322: Type '{ children: Element; className: string; whileHover: { scale: number; }; transition: { duration: number; ease: "easeOut"; }; }' is not assignable to type 'IntrinsicAttributes & HTMLAttributesWithoutMotionProps<unknown, unknown> & MotionProps & RefAttributes<unknown>'.
  Property 'className' does not exist on type 'IntrinsicAttributes & HTMLAttributesWithoutMotionProps<unknown, unknown> & MotionProps & RefAttributes<unknown>'.
components/navbar.tsx(179,27): error TS2322: Type '{ className: string; initial: { scaleX: number; }; whileHover: { scaleX: number; }; transition: { duration: number; ease: "easeInOut"; }; style: any; }' is not assignable to type 'IntrinsicAttributes & HTMLAttributesWithoutMotionProps<unknown, unknown> & MotionProps & RefAttributes<unknown>'.
  Property 'className' does not exist on type 'IntrinsicAttributes & HTMLAttributesWithoutMotionProps<unknown, unknown> & MotionProps & RefAttributes<unknown>'.
components/navbar.tsx(419,13): error TS2322: Type '{ children: Element; initial: { opacity: number; }; animate: { opacity: number; }; exit: { opacity: number; }; className: string; onClick: () => void; }' is not assignable to type 'IntrinsicAttributes & HTMLAttributesWithoutMotionProps<unknown, unknown> & MotionProps & RefAttributes<unknown>'.
  Property 'className' does not exist on type 'IntrinsicAttributes & HTMLAttributesWithoutMotionProps<unknown, unknown> & MotionProps & RefAttributes<unknown>'.
components/navbar.tsx(426,15): error TS2322: Type '{ children: Element; initial: { opacity: number; scale: number; y: number; }; animate: { opacity: number; scale: number; y: number; }; exit: { opacity: number; scale: number; y: number; }; className: string; onClick: (e: any) => any; }' is not assignable to type 'IntrinsicAttributes & HTMLAttributesWithoutMotionProps<unknown, unknown> & MotionProps & RefAttributes<unknown>'.
  Property 'className' does not exist on type 'IntrinsicAttributes & HTMLAttributesWithoutMotionProps<unknown, unknown> & MotionProps & RefAttributes<unknown>'.
components/navbar.tsx(427,25): error TS7006: Parameter 'e' implicitly has an 'any' type.
components/preloader.tsx(15,13): error TS2322: Type '{ children: Element; initial: { opacity: number; }; exit: { opacity: number; }; transition: { duration: number; }; className: string; style: { background: string; }; }' is not assignable to type 'IntrinsicAttributes & HTMLAttributesWithoutMotionProps<unknown, unknown> & MotionProps & RefAttributes<unknown>'.
  Property 'className' does not exist on type 'IntrinsicAttributes & HTMLAttributesWithoutMotionProps<unknown, unknown> & MotionProps & RefAttributes<unknown>'.
components/preloader.tsx(24,25): error TS2322: Type '{ className: string; animate: { scale: [number, number, number]; opacity: [number, number, number]; }; transition: { duration: number; repeat: number; ease: "easeInOut"; }; }' is not assignable to type 'IntrinsicAttributes & HTMLAttributesWithoutMotionProps<unknown, unknown> & MotionProps & RefAttributes<unknown>'.
  Property 'className' does not exist on type 'IntrinsicAttributes & HTMLAttributesWithoutMotionProps<unknown, unknown> & MotionProps & RefAttributes<unknown>'.
components/preloader.tsx(39,25): error TS2322: Type '{ children: Element; initial: { scale: number; opacity: number; }; animate: { scale: number; opacity: number; }; transition: { duration: number; }; className: string; }' is not assignable to type 'IntrinsicAttributes & HTMLAttributesWithoutMotionProps<unknown, unknown> & MotionProps & RefAttributes<unknown>'.
  Property 'className' does not exist on type 'IntrinsicAttributes & HTMLAttributesWithoutMotionProps<unknown, unknown> & MotionProps & RefAttributes<unknown>'.
components/preloader.tsx(55,25): error TS2322: Type '{ className: string; animate: { rotate: number; }; transition: { duration: number; repeat: number; ease: "linear"; }; }' is not assignable to type 'IntrinsicAttributes & HTMLAttributesWithoutMotionProps<unknown, unknown> & MotionProps & RefAttributes<unknown>'.
  Property 'className' does not exist on type 'IntrinsicAttributes & HTMLAttributesWithoutMotionProps<unknown, unknown> & MotionProps & RefAttributes<unknown>'.
components/preloader.tsx(60,25): error TS2322: Type '{ className: string; animate: { rotate: number; }; transition: { duration: number; repeat: number; ease: "linear"; }; }' is not assignable to type 'IntrinsicAttributes & HTMLAttributesWithoutMotionProps<unknown, unknown> & MotionProps & RefAttributes<unknown>'.
  Property 'className' does not exist on type 'IntrinsicAttributes & HTMLAttributesWithoutMotionProps<unknown, unknown> & MotionProps & RefAttributes<unknown>'.
components/preloader.tsx(71,21): error TS2322: Type '{ children: Element[]; initial: { opacity: number; y: number; }; animate: { opacity: number; y: number; }; transition: { delay: number; }; className: string; }' is not assignable to type 'IntrinsicAttributes & HTMLAttributesWithoutMotionProps<unknown, unknown> & MotionProps & RefAttributes<unknown>'.
  Property 'className' does not exist on type 'IntrinsicAttributes & HTMLAttributesWithoutMotionProps<unknown, unknown> & MotionProps & RefAttributes<unknown>'.
components/preloader.tsx(78,29): error TS2322: Type '{ className: string; animate: { scale: [number, number, number]; opacity: [number, number, number]; }; transition: { duration: number; repeat: number; delay: number; }; }' is not assignable to type 'IntrinsicAttributes & HTMLAttributesWithoutMotionProps<unknown, unknown> & MotionProps & RefAttributes<unknown>'.
  Property 'className' does not exist on type 'IntrinsicAttributes & HTMLAttributesWithoutMotionProps<unknown, unknown> & MotionProps & RefAttributes<unknown>'.
components/preloader.tsx(83,29): error TS2322: Type '{ className: string; animate: { scale: [number, number, number]; opacity: [number, number, number]; }; transition: { duration: number; repeat: number; delay: number; }; }' is not assignable to type 'IntrinsicAttributes & HTMLAttributesWithoutMotionProps<unknown, unknown> & MotionProps & RefAttributes<unknown>'.
  Property 'className' does not exist on type 'IntrinsicAttributes & HTMLAttributesWithoutMotionProps<unknown, unknown> & MotionProps & RefAttributes<unknown>'.
components/preloader.tsx(88,29): error TS2322: Type '{ className: string; animate: { scale: [number, number, number]; opacity: [number, number, number]; }; transition: { duration: number; repeat: number; delay: number; }; }' is not assignable to type 'IntrinsicAttributes & HTMLAttributesWithoutMotionProps<unknown, unknown> & MotionProps & RefAttributes<unknown>'.
  Property 'className' does not exist on type 'IntrinsicAttributes & HTMLAttributesWithoutMotionProps<unknown, unknown> & MotionProps & RefAttributes<unknown>'.
